Archive member included to satisfy reference by file (symbol)

/Applications/STM32CubeIDE.app/Contents/Eclipse/plugins/com.st.stm32cube.ide.mcu.externaltools.gnu-tools-for-stm32.13.3.rel1.macos64_1.0.0.202411102158/tools/bin/../lib/gcc/arm-none-eabi/13.3.1/../../../../arm-none-eabi/lib/thumb/v7e-m+fp/hard/libc_nano.a(libc_a-isalpha.o)
                              ./Core/Src/debug.o (isalpha)
/Applications/STM32CubeIDE.app/Contents/Eclipse/plugins/com.st.stm32cube.ide.mcu.externaltools.gnu-tools-for-stm32.13.3.rel1.macos64_1.0.0.202411102158/tools/bin/../lib/gcc/arm-none-eabi/13.3.1/../../../../arm-none-eabi/lib/thumb/v7e-m+fp/hard/libc_nano.a(libc_a-exit.o)
                              /Applications/STM32CubeIDE.app/Contents/Eclipse/plugins/com.st.stm32cube.ide.mcu.externaltools.gnu-tools-for-stm32.13.3.rel1.macos64_1.0.0.202411102158/tools/bin/../lib/gcc/arm-none-eabi/13.3.1/../../../../arm-none-eabi/lib/thumb/v7e-m+fp/hard/crt0.o (exit)
/Applications/STM32CubeIDE.app/Contents/Eclipse/plugins/com.st.stm32cube.ide.mcu.externaltools.gnu-tools-for-stm32.13.3.rel1.macos64_1.0.0.202411102158/tools/bin/../lib/gcc/arm-none-eabi/13.3.1/../../../../arm-none-eabi/lib/thumb/v7e-m+fp/hard/libc_nano.a(libc_a-findfp.o)
                              /Applications/STM32CubeIDE.app/Contents/Eclipse/plugins/com.st.stm32cube.ide.mcu.externaltools.gnu-tools-for-stm32.13.3.rel1.macos64_1.0.0.202411102158/tools/bin/../lib/gcc/arm-none-eabi/13.3.1/../../../../arm-none-eabi/lib/thumb/v7e-m+fp/hard/libc_nano.a(libc_a-exit.o) (__stdio_exit_handler)
/Applications/STM32CubeIDE.app/Contents/Eclipse/plugins/com.st.stm32cube.ide.mcu.externaltools.gnu-tools-for-stm32.13.3.rel1.macos64_1.0.0.202411102158/tools/bin/../lib/gcc/arm-none-eabi/13.3.1/../../../../arm-none-eabi/lib/thumb/v7e-m+fp/hard/libc_nano.a(libc_a-fwalk.o)
                              /Applications/STM32CubeIDE.app/Contents/Eclipse/plugins/com.st.stm32cube.ide.mcu.externaltools.gnu-tools-for-stm32.13.3.rel1.macos64_1.0.0.202411102158/tools/bin/../lib/gcc/arm-none-eabi/13.3.1/../../../../arm-none-eabi/lib/thumb/v7e-m+fp/hard/libc_nano.a(libc_a-findfp.o) (_fwalk_sglue)
/Applications/STM32CubeIDE.app/Contents/Eclipse/plugins/com.st.stm32cube.ide.mcu.externaltools.gnu-tools-for-stm32.13.3.rel1.macos64_1.0.0.202411102158/tools/bin/../lib/gcc/arm-none-eabi/13.3.1/../../../../arm-none-eabi/lib/thumb/v7e-m+fp/hard/libc_nano.a(libc_a-memset.o)
                              /Applications/STM32CubeIDE.app/Contents/Eclipse/plugins/com.st.stm32cube.ide.mcu.externaltools.gnu-tools-for-stm32.13.3.rel1.macos64_1.0.0.202411102158/tools/bin/../lib/gcc/arm-none-eabi/13.3.1/../../../../arm-none-eabi/lib/thumb/v7e-m+fp/hard/crt0.o (memset)
/Applications/STM32CubeIDE.app/Contents/Eclipse/plugins/com.st.stm32cube.ide.mcu.externaltools.gnu-tools-for-stm32.13.3.rel1.macos64_1.0.0.202411102158/tools/bin/../lib/gcc/arm-none-eabi/13.3.1/../../../../arm-none-eabi/lib/thumb/v7e-m+fp/hard/libc_nano.a(libc_a-errno.o)
                              ./Core/Src/syscalls.o (__errno)
/Applications/STM32CubeIDE.app/Contents/Eclipse/plugins/com.st.stm32cube.ide.mcu.externaltools.gnu-tools-for-stm32.13.3.rel1.macos64_1.0.0.202411102158/tools/bin/../lib/gcc/arm-none-eabi/13.3.1/../../../../arm-none-eabi/lib/thumb/v7e-m+fp/hard/libc_nano.a(libc_a-init.o)
                              /Applications/STM32CubeIDE.app/Contents/Eclipse/plugins/com.st.stm32cube.ide.mcu.externaltools.gnu-tools-for-stm32.13.3.rel1.macos64_1.0.0.202411102158/tools/bin/../lib/gcc/arm-none-eabi/13.3.1/../../../../arm-none-eabi/lib/thumb/v7e-m+fp/hard/crt0.o (__libc_init_array)
/Applications/STM32CubeIDE.app/Contents/Eclipse/plugins/com.st.stm32cube.ide.mcu.externaltools.gnu-tools-for-stm32.13.3.rel1.macos64_1.0.0.202411102158/tools/bin/../lib/gcc/arm-none-eabi/13.3.1/../../../../arm-none-eabi/lib/thumb/v7e-m+fp/hard/libc_nano.a(libc_a-lock.o)
                              /Applications/STM32CubeIDE.app/Contents/Eclipse/plugins/com.st.stm32cube.ide.mcu.externaltools.gnu-tools-for-stm32.13.3.rel1.macos64_1.0.0.202411102158/tools/bin/../lib/gcc/arm-none-eabi/13.3.1/../../../../arm-none-eabi/lib/thumb/v7e-m+fp/hard/libc_nano.a(libc_a-findfp.o) (__retarget_lock_init_recursive)
/Applications/STM32CubeIDE.app/Contents/Eclipse/plugins/com.st.stm32cube.ide.mcu.externaltools.gnu-tools-for-stm32.13.3.rel1.macos64_1.0.0.202411102158/tools/bin/../lib/gcc/arm-none-eabi/13.3.1/../../../../arm-none-eabi/lib/thumb/v7e-m+fp/hard/libc_nano.a(libc_a-impure.o)
                              /Applications/STM32CubeIDE.app/Contents/Eclipse/plugins/com.st.stm32cube.ide.mcu.externaltools.gnu-tools-for-stm32.13.3.rel1.macos64_1.0.0.202411102158/tools/bin/../lib/gcc/arm-none-eabi/13.3.1/../../../../arm-none-eabi/lib/thumb/v7e-m+fp/hard/libc_nano.a(libc_a-errno.o) (_impure_ptr)
[...]
Memory Configuration

Name             Origin             Length             Attributes
RAM              0x20000000         0x00040000         xrw
RAM2             0x10000000         0x00010000         xrw
FLASH            0x08000000         0x00100000         xr
*default*        0x00000000         0xffffffff

Linker script and memory map

LOAD /Applications/STM32CubeIDE.app/Contents/Eclipse/plugins/com.st.stm32cube.ide.mcu.externaltools.gnu-tools-for-stm32.13.3.rel1.macos64_1.0.0.202411102158/tools/bin/../lib/gcc/arm-none-eabi/13.3.1/thumb/v7e-m+fp/hard/crti.o
LOAD /Applications/STM32CubeIDE.app/Contents/Eclipse/plugins/com.st.stm32cube.ide.mcu.externaltools.gnu-tools-for-stm32.13.3.rel1.macos64_1.0.0.202411102158/tools/bin/../lib/gcc/arm-none-eabi/13.3.1/thumb/v7e-m+fp/hard/crtbegin.o
LOAD /Applications/STM32CubeIDE.app/Contents/Eclipse/plugins/com.st.stm32cube.ide.mcu.externaltools.gnu-tools-for-stm32.13.3.rel1.macos64_1.0.0.202411102158/tools/bin/../lib/gcc/arm-none-eabi/13.3.1/../../../../arm-none-eabi/lib/thumb/v7e-m+fp/hard/crt0.o
LOAD ./Core/Src/debug.o
LOAD ./Core/Src/gpio.o
LOAD ./Core/Src/main.o
LOAD ./Core/Src/stm32l4xx_it.o
LOAD ./Core/Src/syscalls.o
LOAD ./Core/Src/sysmem.o
LOAD ./Core/Src/system_stm32l4xx.o
LOAD ./Core/Src/usart.o
LOAD ./Core/Startup/startup_stm32l496rgtx.o
LOAD ./Drivers/STM32L4xx_HAL_Driver/Src/stm32l4xx_ll_dma.o
LOAD ./Drivers/STM32L4xx_HAL_Driver/Src/stm32l4xx_ll_exti.o
LOAD ./Drivers/STM32L4xx_HAL_Driver/Src/stm32l4xx_ll_gpio.o
LOAD ./Drivers/STM32L4xx_HAL_Driver/Src/stm32l4xx_ll_pwr.o
LOAD ./Drivers/STM32L4xx_HAL_Driver/Src/stm32l4xx_ll_rcc.o
LOAD ./Drivers/STM32L4xx_HAL_Driver/Src/stm32l4xx_ll_usart.o
LOAD ./Drivers/STM32L4xx_HAL_Driver/Src/stm32l4xx_ll_utils.o
START GROUP
LOAD /Applications/STM32CubeIDE.app/Contents/Eclipse/plugins/com.st.stm32cube.ide.mcu.externaltools.gnu-tools-for-stm32.13.3.rel1.macos64_1.0.0.202411102158/tools/bin/../lib/gcc/arm-none-eabi/13.3.1/../../../../arm-none-eabi/lib/thumb/v7e-m+fp/hard/libc_nano.a
LOAD /Applications/STM32CubeIDE.app/Contents/Eclipse/plugins/com.st.stm32cube.ide.mcu.externaltools.gnu-tools-for-stm32.13.3.rel1.macos64_1.0.0.202411102158/tools/bin/../lib/gcc/arm-none-eabi/13.3.1/../../../../arm-none-eabi/lib/thumb/v7e-m+fp/hard/libm.a
END GROUP
START GROUP
LOAD /Applications/STM32CubeIDE.app/Contents/Eclipse/plugins/com.st.stm32cube.ide.mcu.externaltools.gnu-tools-for-stm32.13.3.rel1.macos64_1.0.0.202411102158/tools/bin/../lib/gcc/arm-none-eabi/13.3.1/thumb/v7e-m+fp/hard/libgcc.a
LOAD /Applications/STM32CubeIDE.app/Contents/Eclipse/plugins/com.st.stm32cube.ide.mcu.externaltools.gnu-tools-for-stm32.13.3.rel1.macos64_1.0.0.202411102158/tools/bin/../lib/gcc/arm-none-eabi/13.3.1/../../../../arm-none-eabi/lib/thumb/v7e-m+fp/hard/libc_nano.a
END GROUP
START GROUP
LOAD /Applications/STM32CubeIDE.app/Contents/Eclipse/plugins/com.st.stm32cube.ide.mcu.externaltools.gnu-tools-for-stm32.13.3.rel1.macos64_1.0.0.202411102158/tools/bin/../lib/gcc/arm-none-eabi/13.3.1/thumb/v7e-m+fp/hard/libgcc.a
LOAD /Applications/STM32CubeIDE.app/Contents/Eclipse/plugins/com.st.stm32cube.ide.mcu.externaltools.gnu-tools-for-stm32.13.3.rel1.macos64_1.0.0.202411102158/tools/bin/../lib/gcc/arm-none-eabi/13.3.1/../../../../arm-none-eabi/lib/thumb/v7e-m+fp/hard/libc_nano.a
LOAD /Applications/STM32CubeIDE.app/Contents/Eclipse/plugins/com.st.stm32cube.ide.mcu.externaltools.gnu-tools-for-stm32.13.3.rel1.macos64_1.0.0.202411102158/tools/bin/../lib/gcc/arm-none-eabi/13.3.1/../../../../arm-none-eabi/lib/thumb/v7e-m+fp/hard/libnosys.a
END GROUP
START GROUP
LOAD /Applications/STM32CubeIDE.app/Contents/Eclipse/plugins/com.st.stm32cube.ide.mcu.externaltools.gnu-tools-for-stm32.13.3.rel1.macos64_1.0.0.202411102158/tools/bin/../lib/gcc/arm-none-eabi/13.3.1/thumb/v7e-m+fp/hard/libgcc.a
LOAD /Applications/STM32CubeIDE.app/Contents/Eclipse/plugins/com.st.stm32cube.ide.mcu.externaltools.gnu-tools-for-stm32.13.3.rel1.macos64_1.0.0.202411102158/tools/bin/../lib/gcc/arm-none-eabi/13.3.1/../../../../arm-none-eabi/lib/thumb/v7e-m+fp/hard/libc_nano.a
LOAD /Applications/STM32CubeIDE.app/Contents/Eclipse/plugins/com.st.stm32cube.ide.mcu.externaltools.gnu-tools-for-stm32.13.3.rel1.macos64_1.0.0.202411102158/tools/bin/../lib/gcc/arm-none-eabi/13.3.1/../../../../arm-none-eabi/lib/thumb/v7e-m+fp/hard/libnosys.a
END GROUP
LOAD /Applications/STM32CubeIDE.app/Contents/Eclipse/plugins/com.st.stm32cube.ide.mcu.externaltools.gnu-tools-for-stm32.13.3.rel1.macos64_1.0.0.202411102158/tools/bin/../lib/gcc/arm-none-eabi/13.3.1/thumb/v7e-m+fp/hard/crtend.o
LOAD /Applications/STM32CubeIDE.app/Contents/Eclipse/plugins/com.st.stm32cube.ide.mcu.externaltools.gnu-tools-for-stm32.13.3.rel1.macos64_1.0.0.202411102158/tools/bin/../lib/gcc/arm-none-eabi/13.3.1/thumb/v7e-m+fp/hard/crtn.o
                0x20040000                        _estack = (ORIGIN (RAM) + LENGTH (RAM))
                0x00000200                        _Min_Heap_Size = 0x200
                0x00000400                        _Min_Stack_Size = 0x400

.isr_vector     0x08000000      0x1ac
                0x08000000                        . = ALIGN (0x4)
 *(.isr_vector)
 .isr_vector    0x08000000      0x1ac ./Core/Startup/startup_stm32l496rgtx.o
                0x08000000                g_pfnVectors
                0x080001ac                        . = ALIGN (0x4)

.text           0x080001ac     0x2b80
                0x080001ac                        . = ALIGN (0x4)
 *(.text)
 .text          0x080001ac       0x40 /Applications/STM32CubeIDE.app/Contents/Eclipse/plugins/com.st.stm32cube.ide.mcu.externaltools.gnu-tools-for-stm32.13.3.rel1.macos64_1.0.0.202411102158/tools/bin/../lib/gcc/arm-none-eabi/13.3.1/thumb/v7e-m+fp/hard/crtbegin.o
 .text          0x080001ec       0xa0 /Applications/STM32CubeIDE.app/Contents/Eclipse/plugins/com.st.stm32cube.ide.mcu.externaltools.gnu-tools-for-stm32.13.3.rel1.macos64_1.0.0.202411102158/tools/bin/../lib/gcc/arm-none-eabi/13.3.1/thumb/v7e-m+fp/hard/libgcc.a(_arm_truncdfsf2.o)
                0x080001ec                __aeabi_d2f
                0x080001ec                __truncdfsf2
 .text          0x0800028c       0x30 /Applications/STM32CubeIDE.app/Contents/Eclipse/plugins/com.st.stm32cube.ide.mcu.externaltools.gnu-tools-for-stm32.13.3.rel1.macos64_1.0.0.202411102158/tools/bin/../lib/gcc/arm-none-eabi/13.3.1/thumb/v7e-m+fp/hard/libgcc.a(_aeabi_uldivmod.o)
                0x0800028c                __aeabi_uldivmod
 .text          0x080002bc       0x28 /Applications/STM32CubeIDE.app/Contents/Eclipse/plugins/com.st.stm32cube.ide.mcu.externaltools.gnu-tools-for-stm32.13.3.rel1.macos64_1.0.0.202411102158/tools/bin/../lib/gcc/arm-none-eabi/13.3.1/thumb/v7e-m+fp/hard/libgcc.a(_fixsfdi.o)
                0x080002bc                __aeabi_f2lz
                0x080002bc                __fixsfdi
 .text          0x080002e4       0x40 /Applications/STM32CubeIDE.app/Contents/Eclipse/plugins/com.st.stm32cube.ide.mcu.externaltools.gnu-tools-for-stm32.13.3.rel1.macos64_1.0.0.202411102158/tools/bin/../lib/gcc/arm-none-eabi/13.3.1/thumb/v7e-m+fp/hard/libgcc.a(_fixunssfdi.o)
                0x080002e4                __aeabi_f2ulz
                0x080002e4                __fixunssfdi
 .text          0x08000324      0x2f8 /Applications/STM32CubeIDE.app/Contents/Eclipse/plugins/com.st.stm32cube.ide.mcu.externaltools.gnu-tools-for-stm32.13.3.rel1.macos64_1.0.0.202411102158/tools/bin/../lib/gcc/arm-none-eabi/13.3.1/thumb/v7e-m+fp/hard/libgcc.a(_udivmoddi4.o)
                0x08000324                __udivmoddi4
 .text          0x0800061c      0x254 /Applications/STM32CubeIDE.app/Contents/Eclipse/plugins/com.st.stm32cube.ide.mcu.externaltools.gnu-tools-for-stm32.13.3.rel1.macos64_1.0.0.202411102158/tools/bin/../lib/gcc/arm-none-eabi/13.3.1/thumb/v7e-m+fp/hard/libgcc.a(_arm_muldf3.o)
                0x0800061c                __aeabi_dmul
                0x0800061c                __muldf3
 .text          0x08000870        0x4 /Applications/STM32CubeIDE.app/Contents/Eclipse/plugins/com.st.stm32cube.ide.mcu.externaltools.gnu-tools-for-stm32.13.3.rel1.macos64_1.0.0.202411102158/tools/bin/../lib/gcc/arm-none-eabi/13.3.1/thumb/v7e-m+fp/hard/libgcc.a(_dvmd_tls.o)
                0x08000870                __aeabi_ldiv0
                0x08000870                __aeabi_idiv0
 .text          0x08000874      0x378 /Applications/STM32CubeIDE.app/Contents/Eclipse/plugins/com.st.stm32cube.ide.mcu.externaltools.gnu-tools-for-stm32.13.3.rel1.macos64_1.0.0.202411102158/tools/bin/../lib/gcc/arm-none-eabi/13.3.1/thumb/v7e-m+fp/hard/libgcc.a(_arm_addsubdf3.o)
                0x08000874                __aeabi_drsub
                0x0800087c                __subdf3
                0x0800087c                __aeabi_dsub
                0x08000880                __aeabi_dadd
                0x08000880                __adddf3
                0x08000af8                __aeabi_ui2d
                0x08000af8                __floatunsidf
                0x08000b18                __floatsidf
                0x08000b18                __aeabi_i2d
                0x08000b3c                __extendsfdf2
                0x08000b3c                __aeabi_f2d
                0x08000b80                __aeabi_ul2d
                0x08000b80                __floatundidf
                0x08000b90                __aeabi_l2d
                0x08000b90                __floatdidf
 .text          0x08000bec       0x40 /Applications/STM32CubeIDE.app/Contents/Eclipse/plugins/com.st.stm32cube.ide.mcu.externaltools.gnu-tools-for-stm32.13.3.rel1.macos64_1.0.0.202411102158/tools/bin/../lib/gcc/arm-none-eabi/13.3.1/thumb/v7e-m+fp/hard/libgcc.a(_arm_fixunsdfsi.o)
                0x08000bec                __fixunsdfsi
                0x08000bec                __aeabi_d2uiz
 *(.text*)
 .text.getIntLen
                0x08000c2c       0x3c ./Core/Src/debug.o
 .text.power    0x08000c68       0x3a ./Core/Src/debug.o
                0x08000c68                power
 *fill*         0x08000ca2        0x2 
 .text.itoa10Unsigned
                0x08000ca4       0xe4 ./Core/Src/debug.o
 .text.itoa10   0x08000d88       0x9a ./Core/Src/debug.o
 *fill*         0x08000e22        0x2 
 .text.itoa16   0x08000e24       0xe8 ./Core/Src/debug.o
 .text.handleLongLong
                0x08000f0c       0xf4 ./Core/Src/debug.o
 .text.handleLong
                0x08001000      0x110 ./Core/Src/debug.o
 .text.evprintf
                0x08001110      0x370 ./Core/Src/debug.o
                0x08001110                evprintf
 .text.eprintf  0x08001480       0x2c ./Core/Src/debug.o
                0x08001480                eprintf
 .text.uartPutchar
                0x080014ac       0x78 ./Core/Src/debug.o
                0x080014ac                uartPutchar
 .text.LL_AHB2_GRP1_EnableClock
                0x08001524       0x30 ./Core/Src/gpio.o
 .text.LL_GPIO_SetOutputPin
                0x08001554       0x1c ./Core/Src/gpio.o
 .text.MX_GPIO_Init
                0x08001570       0x58 ./Core/Src/gpio.o
                0x08001570                MX_GPIO_Init
 .text.__NVIC_SetPriorityGrouping
                0x080015c8       0x48 ./Core/Src/main.o
 .text.__NVIC_GetPriorityGrouping
                0x08001610       0x1c ./Core/Src/main.o
 .text.__NVIC_SetPriority
                0x0800162c       0x54 ./Core/Src/main.o
 .text.NVIC_EncodePriority
                0x08001680       0x66 ./Core/Src/main.o
 *fill*         0x080016e6        0x2 
 .text.LL_RCC_MSI_Enable
                0x080016e8       0x20 ./Core/Src/main.o
 .text.LL_RCC_MSI_IsReady
                0x08001708       0x24 ./Core/Src/main.o
 .text.LL_RCC_MSI_EnableRangeSelection
                0x0800172c       0x20 ./Core/Src/main.o
 .text.LL_RCC_MSI_SetRange
                0x0800174c       0x28 ./Core/Src/main.o
 .text.LL_RCC_MSI_SetCalibTrimming
                0x08001774       0x2c ./Core/Src/main.o
 .text.LL_RCC_SetSysClkSource
                0x080017a0       0x28 ./Core/Src/main.o
 .text.LL_RCC_GetSysClkSource
                0x080017c8       0x1c ./Core/Src/main.o
 .text.LL_RCC_SetAHBPrescaler
                0x080017e4       0x28 ./Core/Src/main.o
 .text.LL_RCC_SetAPB1Prescaler
                0x0800180c       0x28 ./Core/Src/main.o
 .text.LL_RCC_SetAPB2Prescaler
                0x08001834       0x28 ./Core/Src/main.o
 .text.LL_APB1_GRP1_EnableClock
                0x0800185c       0x30 ./Core/Src/main.o
 .text.LL_APB2_GRP1_EnableClock
                0x0800188c       0x30 ./Core/Src/main.o
 .text.LL_FLASH_SetLatency
                0x080018bc       0x28 ./Core/Src/main.o
 .text.LL_FLASH_GetLatency
                0x080018e4       0x1c ./Core/Src/main.o
 .text.LL_PWR_SetRegulVoltageScaling
                0x08001900       0x28 ./Core/Src/main.o
 .text.LL_PWR_IsActiveFlag_VOS
                0x08001928       0x28 ./Core/Src/main.o
 .text.LL_GPIO_TogglePin
                0x08001950       0x32 ./Core/Src/main.o
 *fill*         0x08001982        0x2 
 .text.main     0x08001984       0x98 ./Core/Src/main.o
                0x08001984                main
 .text.SystemClock_Config
                0x08001a1c       0x84 ./Core/Src/main.o
                0x08001a1c                SystemClock_Config
 .text.NMI_Handler
                0x08001aa0        0x8 ./Core/Src/stm32l4xx_it.o
                0x08001aa0                NMI_Handler
 .text.HardFault_Handler
                0x08001aa8        0x8 ./Core/Src/stm32l4xx_it.o
                0x08001aa8                HardFault_Handler
 .text.MemManage_Handler
                0x08001ab0        0x8 ./Core/Src/stm32l4xx_it.o
                0x08001ab0                MemManage_Handler
 .text.BusFault_Handler
                0x08001ab8        0x8 ./Core/Src/stm32l4xx_it.o
                0x08001ab8                BusFault_Handler
 .text.UsageFault_Handler
                0x08001ac0        0x8 ./Core/Src/stm32l4xx_it.o
                0x08001ac0                UsageFault_Handler
 .text.SVC_Handler
                0x08001ac8        0xe ./Core/Src/stm32l4xx_it.o
                0x08001ac8                SVC_Handler
 .text.DebugMon_Handler
                0x08001ad6        0xe ./Core/Src/stm32l4xx_it.o
                0x08001ad6                DebugMon_Handler
 .text.PendSV_Handler
                0x08001ae4        0xe ./Core/Src/stm32l4xx_it.o
                0x08001ae4                PendSV_Handler
 .text.SysTick_Handler
                0x08001af2        0xe ./Core/Src/stm32l4xx_it.o
                0x08001af2                SysTick_Handler
 .text.USART1_IRQHandler
                0x08001b00        0xe ./Core/Src/stm32l4xx_it.o
                0x08001b00                USART1_IRQHandler
 *fill*         0x08001b0e        0x2 
 .text.SystemInit
                0x08001b10       0x24 ./Core/Src/system_stm32l4xx.o
                0x08001b10                SystemInit
 .text.__NVIC_GetPriorityGrouping
                0x08001b34       0x1c ./Core/Src/usart.o
 .text.__NVIC_EnableIRQ
                0x08001b50       0x3c ./Core/Src/usart.o
 .text.__NVIC_SetPriority
                0x08001b8c       0x54 ./Core/Src/usart.o
 .text.NVIC_EncodePriority
                0x08001be0       0x66 ./Core/Src/usart.o
 *fill*         0x08001c46        0x2 
 .text.LL_RCC_SetUSARTClockSource
                0x08001c48       0x34 ./Core/Src/usart.o
 .text.LL_AHB2_GRP1_EnableClock
                0x08001c7c       0x30 ./Core/Src/usart.o
 .text.LL_APB2_GRP1_EnableClock
                0x08001cac       0x30 ./Core/Src/usart.o
 .text.LL_USART_Enable
                0x08001cdc       0x20 ./Core/Src/usart.o
 .text.LL_USART_ConfigAsyncMode
                0x08001cfc       0x2c ./Core/Src/usart.o
 .text.LL_USART_IsActiveFlag_RXNE
                0x08001d28       0x26 ./Core/Src/usart.o
 .text.LL_USART_IsActiveFlag_TC
                0x08001d4e       0x26 ./Core/Src/usart.o
 .text.LL_USART_ReceiveData8
                0x08001d74       0x1c ./Core/Src/usart.o
 .text.LL_USART_TransmitData8
                0x08001d90       0x20 ./Core/Src/usart.o
 .text.MX_USART1_UART_Init
                0x08001db0       0xc8 ./Core/Src/usart.o
                0x08001db0                MX_USART1_UART_Init
 .text.UART1_Transmit
                0x08001e78       0x48 ./Core/Src/usart.o
                0x08001e78                UART1_Transmit
 .text.UART1_Receive
                0x08001ec0       0x24 ./Core/Src/usart.o
                0x08001ec0                UART1_Receive
 .text.Reset_Handler
                0x08001ee4       0x50 ./Core/Startup/startup_stm32l496rgtx.o
                0x08001ee4                Reset_Handler
 .text.Default_Handler
                0x08001f34        0x2 ./Core/Startup/startup_stm32l496rgtx.o
                0x08001f34                TIM1_BRK_TIM15_IRQHandler
                0x08001f34                EXTI2_IRQHandler
                0x08001f34                TIM8_TRG_COM_IRQHandler
                0x08001f34                TIM8_CC_IRQHandler
                0x08001f34                TIM1_CC_IRQHandler
                0x08001f34                TSC_IRQHandler
                0x08001f34                TAMP_STAMP_IRQHandler
                0x08001f34                CAN2_RX1_IRQHandler
                0x08001f34                EXTI3_IRQHandler
                0x08001f34                LPTIM2_IRQHandler
                0x08001f34                DFSDM1_FLT1_IRQHandler
                0x08001f34                I2C3_ER_IRQHandler
                0x08001f34                DFSDM1_FLT2_IRQHandler
                0x08001f34                EXTI0_IRQHandler
                0x08001f34                I2C2_EV_IRQHandler
                0x08001f34                CAN1_RX0_IRQHandler
                0x08001f34                FPU_IRQHandler
                0x08001f34                TIM1_UP_TIM16_IRQHandler
                0x08001f34                CAN2_SCE_IRQHandler
                0x08001f34                ADC1_2_IRQHandler
                0x08001f34                SPI1_IRQHandler
                0x08001f34                TIM6_DAC_IRQHandler
                0x08001f34                DCMI_IRQHandler
                0x08001f34                CAN2_RX0_IRQHandler
                0x08001f34                TIM8_UP_IRQHandler
                0x08001f34                DMA2_Channel2_IRQHandler
                0x08001f34                DMA1_Channel4_IRQHandler
                0x08001f34                SAI2_IRQHandler
                0x08001f34                DFSDM1_FLT3_IRQHandler
                0x08001f34                USART3_IRQHandler
                0x08001f34                DMA1_Channel7_IRQHandler
                0x08001f34                CAN1_RX1_IRQHandler
                0x08001f34                LCD_IRQHandler
                0x08001f34                UART5_IRQHandler
                0x08001f34                ADC3_IRQHandler
                0x08001f34                TIM4_IRQHandler
                0x08001f34                DMA2_Channel1_IRQHandler
                0x08001f34                QUADSPI_IRQHandler
                0x08001f34                I2C1_EV_IRQHandler
                0x08001f34                DMA1_Channel6_IRQHandler
                0x08001f34                UART4_IRQHandler
                0x08001f34                DMA2_Channel4_IRQHandler
                0x08001f34                TIM3_IRQHandler
                0x08001f34                RCC_IRQHandler
                0x08001f34                DMA1_Channel1_IRQHandler
                0x08001f34                Default_Handler
                0x08001f34                DMA2_Channel7_IRQHandler
                0x08001f34                EXTI15_10_IRQHandler
                0x08001f34                TIM7_IRQHandler
                0x08001f34                SDMMC1_IRQHandler
                0x08001f34                CAN2_TX_IRQHandler
                0x08001f34                TIM5_IRQHandler
                0x08001f34                I2C3_EV_IRQHandler
                0x08001f34                EXTI9_5_IRQHandler
                0x08001f34                RTC_WKUP_IRQHandler
                0x08001f34                PVD_PVM_IRQHandler
                0x08001f34                SPI2_IRQHandler
                0x08001f34                CAN1_TX_IRQHandler
                0x08001f34                DMA2_Channel5_IRQHandler
                0x08001f34                CRS_IRQHandler
                0x08001f34                DMA1_Channel5_IRQHandler
                0x08001f34                EXTI4_IRQHandler
                0x08001f34                RNG_IRQHandler
                0x08001f34                TIM1_TRG_COM_TIM17_IRQHandler
                0x08001f34                DMA1_Channel3_IRQHandler
                0x08001f34                COMP_IRQHandler
                0x08001f34                WWDG_IRQHandler
                0x08001f34                I2C4_EV_IRQHandler
                0x08001f34                LPUART1_IRQHandler
                0x08001f34                DMA2_Channel6_IRQHandler
                0x08001f34                TIM2_IRQHandler
                0x08001f34                EXTI1_IRQHandler
                0x08001f34                USART2_IRQHandler
                0x08001f34                DFSDM1_FLT0_IRQHandler
                0x08001f34                I2C2_ER_IRQHandler
                0x08001f34                DMA1_Channel2_IRQHandler
                0x08001f34                TIM8_BRK_IRQHandler
                0x08001f34                CAN1_SCE_IRQHandler
                0x08001f34                FLASH_IRQHandler
                0x08001f34                OTG_FS_IRQHandler
                0x08001f34                SPI3_IRQHandler
                0x08001f34                I2C1_ER_IRQHandler
                0x08001f34                FMC_IRQHandler
                0x08001f34                SWPMI1_IRQHandler
                0x08001f34                LPTIM1_IRQHandler
                0x08001f34                I2C4_ER_IRQHandler
                0x08001f34                SAI1_IRQHandler
                0x08001f34                DMA2_Channel3_IRQHandler
                0x08001f34                RTC_Alarm_IRQHandler
 .text.LL_GPIO_SetPinMode
                0x08001f36       0x7a ./Drivers/STM32L4xx_HAL_Driver/Src/stm32l4xx_ll_gpio.o
 .text.LL_GPIO_SetPinOutputType
                0x08001fb0       0x30 ./Drivers/STM32L4xx_HAL_Driver/Src/stm32l4xx_ll_gpio.o
 .text.LL_GPIO_SetPinSpeed
                0x08001fe0       0x7a ./Drivers/STM32L4xx_HAL_Driver/Src/stm32l4xx_ll_gpio.o
 .text.LL_GPIO_SetPinPull
                0x0800205a       0x7a ./Drivers/STM32L4xx_HAL_Driver/Src/stm32l4xx_ll_gpio.o
 .text.LL_GPIO_SetAFPin_0_7
                0x080020d4       0x7a ./Drivers/STM32L4xx_HAL_Driver/Src/stm32l4xx_ll_gpio.o
 .text.LL_GPIO_SetAFPin_8_15
                0x0800214e       0x7e ./Drivers/STM32L4xx_HAL_Driver/Src/stm32l4xx_ll_gpio.o
 .text.LL_GPIO_Init
                0x080021cc       0xdc ./Drivers/STM32L4xx_HAL_Driver/Src/stm32l4xx_ll_gpio.o
                0x080021cc                LL_GPIO_Init
 .text.LL_RCC_HSI_IsReady
                0x080022a8       0x28 ./Drivers/STM32L4xx_HAL_Driver/Src/stm32l4xx_ll_rcc.o
 .text.LL_RCC_LSE_IsReady
                0x080022d0       0x28 ./Drivers/STM32L4xx_HAL_Driver/Src/stm32l4xx_ll_rcc.o
 .text.LL_RCC_MSI_IsEnabledRangeSelect
                0x080022f8       0x24 ./Drivers/STM32L4xx_HAL_Driver/Src/stm32l4xx_ll_rcc.o
 .text.LL_RCC_MSI_GetRange
                0x0800231c       0x1c ./Drivers/STM32L4xx_HAL_Driver/Src/stm32l4xx_ll_rcc.o
 .text.LL_RCC_MSI_GetRangeAfterStandby
                0x08002338       0x1c ./Drivers/STM32L4xx_HAL_Driver/Src/stm32l4xx_ll_rcc.o
 .text.LL_RCC_GetSysClkSource
                0x08002354       0x1c ./Drivers/STM32L4xx_HAL_Driver/Src/stm32l4xx_ll_rcc.o
 .text.LL_RCC_GetAHBPrescaler
                0x08002370       0x1c ./Drivers/STM32L4xx_HAL_Driver/Src/stm32l4xx_ll_rcc.o
 .text.LL_RCC_GetAPB1Prescaler
                0x0800238c       0x1c ./Drivers/STM32L4xx_HAL_Driver/Src/stm32l4xx_ll_rcc.o
 .text.LL_RCC_GetAPB2Prescaler
                0x080023a8       0x1c ./Drivers/STM32L4xx_HAL_Driver/Src/stm32l4xx_ll_rcc.o
 .text.LL_RCC_GetUSARTClockSource
                0x080023c4       0x28 ./Drivers/STM32L4xx_HAL_Driver/Src/stm32l4xx_ll_rcc.o
 .text.LL_RCC_GetUARTClockSource
                0x080023ec       0x28 ./Drivers/STM32L4xx_HAL_Driver/Src/stm32l4xx_ll_rcc.o
 .text.LL_RCC_PLL_GetMainSource
                0x08002414       0x1c ./Drivers/STM32L4xx_HAL_Driver/Src/stm32l4xx_ll_rcc.o
 .text.LL_RCC_PLL_GetN
                0x08002430       0x1c ./Drivers/STM32L4xx_HAL_Driver/Src/stm32l4xx_ll_rcc.o
 .text.LL_RCC_PLL_GetR
                0x0800244c       0x1c ./Drivers/STM32L4xx_HAL_Driver/Src/stm32l4xx_ll_rcc.o
 .text.LL_RCC_PLL_GetDivider
                0x08002468       0x1c ./Drivers/STM32L4xx_HAL_Driver/Src/stm32l4xx_ll_rcc.o
 .text.LL_RCC_GetUSARTClockFreq
                0x08002484      0x1c4 ./Drivers/STM32L4xx_HAL_Driver/Src/stm32l4xx_ll_rcc.o
                0x08002484                LL_RCC_GetUSARTClockFreq
 .text.LL_RCC_GetUARTClockFreq
                0x08002648      0x128 ./Drivers/STM32L4xx_HAL_Driver/Src/stm32l4xx_ll_rcc.o
                0x08002648                LL_RCC_GetUARTClockFreq
 .text.RCC_GetSystemClockFreq
                0x08002770      0x120 ./Drivers/STM32L4xx_HAL_Driver/Src/stm32l4xx_ll_rcc.o
 .text.RCC_GetHCLKClockFreq
                0x08002890       0x2c ./Drivers/STM32L4xx_HAL_Driver/Src/stm32l4xx_ll_rcc.o
 .text.RCC_GetPCLK1ClockFreq
                0x080028bc       0x28 ./Drivers/STM32L4xx_HAL_Driver/Src/stm32l4xx_ll_rcc.o
 .text.RCC_GetPCLK2ClockFreq
                0x080028e4       0x28 ./Drivers/STM32L4xx_HAL_Driver/Src/stm32l4xx_ll_rcc.o
 .text.RCC_PLL_GetFreqDomain_SYS
                0x0800290c      0x118 ./Drivers/STM32L4xx_HAL_Driver/Src/stm32l4xx_ll_rcc.o
 .text.LL_USART_IsEnabled
                0x08002a24       0x26 ./Drivers/STM32L4xx_HAL_Driver/Src/stm32l4xx_ll_usart.o
 .text.LL_USART_SetStopBitsLength
                0x08002a4a       0x26 ./Drivers/STM32L4xx_HAL_Driver/Src/stm32l4xx_ll_usart.o
 .text.LL_USART_SetHWFlowCtrl
                0x08002a70       0x26 ./Drivers/STM32L4xx_HAL_Driver/Src/stm32l4xx_ll_usart.o
 .text.LL_USART_SetBaudRate
                0x08002a96       0x6e ./Drivers/STM32L4xx_HAL_Driver/Src/stm32l4xx_ll_usart.o
 .text.LL_USART_Init
                0x08002b04       0xf8 ./Drivers/STM32L4xx_HAL_Driver/Src/stm32l4xx_ll_usart.o
                0x08002b04                LL_USART_Init
 .text.LL_InitTick
                0x08002bfc       0x34 ./Drivers/STM32L4xx_HAL_Driver/Src/stm32l4xx_ll_utils.o
 .text.LL_Init1msTick
                0x08002c30       0x1a ./Drivers/STM32L4xx_HAL_Driver/Src/stm32l4xx_ll_utils.o
                0x08002c30                LL_Init1msTick
 *fill*         0x08002c4a        0x2 
 .text.LL_mDelay
                0x08002c4c       0x50 ./Drivers/STM32L4xx_HAL_Driver/Src/stm32l4xx_ll_utils.o
                0x08002c4c                LL_mDelay
 .text.LL_SetSystemCoreClock
                0x08002c9c       0x20 ./Drivers/STM32L4xx_HAL_Driver/Src/stm32l4xx_ll_utils.o
                0x08002c9c                LL_SetSystemCoreClock
 .text.isalpha  0x08002cbc       0x10 /Applications/STM32CubeIDE.app/Contents/Eclipse/plugins/com.st.stm32cube.ide.mcu.externaltools.gnu-tools-for-stm32.13.3.rel1.macos64_1.0.0.202411102158/tools/bin/../lib/gcc/arm-none-eabi/13.3.1/../../../../arm-none-eabi/lib/thumb/v7e-m+fp/hard/libc_nano.a(libc_a-isalpha.o)
                0x08002cbc                isalpha
 .text.__libc_init_array
                0x08002ccc       0x48 /Applications/STM32CubeIDE.app/Contents/Eclipse/plugins/com.st.stm32cube.ide.mcu.externaltools.gnu-tools-for-stm32.13.3.rel1.macos64_1.0.0.202411102158/tools/bin/../lib/gcc/arm-none-eabi/13.3.1/../../../../arm-none-eabi/lib/thumb/v7e-m+fp/hard/libc_nano.a(libc_a-init.o)
                0x08002ccc                __libc_init_array
 *(.glue_7)
 .glue_7        0x08002d14        0x0 linker stubs
 *(.glue_7t)
 .glue_7t       0x08002d14        0x0 linker stubs
 *(.eh_frame)
 .eh_frame      0x08002d14        0x0 /Applications/STM32CubeIDE.app/Contents/Eclipse/plugins/com.st.stm32cube.ide.mcu.externaltools.gnu-tools-for-stm32.13.3.rel1.macos64_1.0.0.202411102158/tools/bin/../lib/gcc/arm-none-eabi/13.3.1/thumb/v7e-m+fp/hard/crtbegin.o
 *(.init)
 .init          0x08002d14        0x4 /Applications/STM32CubeIDE.app/Contents/Eclipse/plugins/com.st.stm32cube.ide.mcu.externaltools.gnu-tools-for-stm32.13.3.rel1.macos64_1.0.0.202411102158/tools/bin/../lib/gcc/arm-none-eabi/13.3.1/thumb/v7e-m+fp/hard/crti.o
                0x08002d14                _init
 .init          0x08002d18        0x8 /Applications/STM32CubeIDE.app/Contents/Eclipse/plugins/com.st.stm32cube.ide.mcu.externaltools.gnu-tools-for-stm32.13.3.rel1.macos64_1.0.0.202411102158/tools/bin/../lib/gcc/arm-none-eabi/13.3.1/thumb/v7e-m+fp/hard/crtn.o
 *(.fini)
 .fini          0x08002d20        0x4 /Applications/STM32CubeIDE.app/Contents/Eclipse/plugins/com.st.stm32cube.ide.mcu.externaltools.gnu-tools-for-stm32.13.3.rel1.macos64_1.0.0.202411102158/tools/bin/../lib/gcc/arm-none-eabi/13.3.1/thumb/v7e-m+fp/hard/crti.o
                0x08002d20                _fini
 .fini          0x08002d24        0x8 /Applications/STM32CubeIDE.app/Contents/Eclipse/plugins/com.st.stm32cube.ide.mcu.externaltools.gnu-tools-for-stm32.13.3.rel1.macos64_1.0.0.202411102158/tools/bin/../lib/gcc/arm-none-eabi/13.3.1/thumb/v7e-m+fp/hard/crtn.o
                0x08002d2c                        . = ALIGN (0x4)
                0x08002d2c                        _etext = .

.vfp11_veneer   0x08002d2c        0x0
 .vfp11_veneer  0x08002d2c        0x0 linker stubs

.v4_bx          0x08002d2c        0x0
 .v4_bx         0x08002d2c        0x0 linker stubs

.iplt           0x08002d2c        0x0
 .iplt          0x08002d2c        0x0 /Applications/STM32CubeIDE.app/Contents/Eclipse/plugins/com.st.stm32cube.ide.mcu.externaltools.gnu-tools-for-stm32.13.3.rel1.macos64_1.0.0.202411102158/tools/bin/../lib/gcc/arm-none-eabi/13.3.1/thumb/v7e-m+fp/hard/crtbegin.o

.rodata         0x08002d2c      0x198
                0x08002d2c                        . = ALIGN (0x4)
 *(.rodata)
 .rodata        0x08002d2c       0x39 ./Core/Src/main.o
 *(.rodata*)
 *fill*         0x08002d65        0x3 
 .rodata.digit  0x08002d68       0x10 ./Core/Src/debug.o
 .rodata.AHBPrescTable
                0x08002d78       0x10 ./Core/Src/system_stm32l4xx.o
                0x08002d78                AHBPrescTable
 .rodata.APBPrescTable
                0x08002d88        0x8 ./Core/Src/system_stm32l4xx.o
                0x08002d88                APBPrescTable
 .rodata.MSIRangeTable
                0x08002d90       0x30 ./Core/Src/system_stm32l4xx.o
                0x08002d90                MSIRangeTable
 .rodata._ctype_
                0x08002dc0      0x101 /Applications/STM32CubeIDE.app/Contents/Eclipse/plugins/com.st.stm32cube.ide.mcu.externaltools.gnu-tools-for-stm32.13.3.rel1.macos64_1.0.0.202411102158/tools/bin/../lib/gcc/arm-none-eabi/13.3.1/../../../../arm-none-eabi/lib/thumb/v7e-m+fp/hard/libc_nano.a(libc_a-ctype_.o)
                0x08002dc0                _ctype_
                0x08002ec4                        . = ALIGN (0x4)
 *fill*         0x08002ec1        0x3 

.ARM.extab      0x08002ec4        0x0
                0x08002ec4                        . = ALIGN (0x4)
 *(.ARM.extab* .gnu.linkonce.armextab.*)
                0x08002ec4                        . = ALIGN (0x4)

.ARM            0x08002ec4        0x8
                0x08002ec4                        . = ALIGN (0x4)
                0x08002ec4                        __exidx_start = .
 *(.ARM.exidx*)
 .ARM.exidx     0x08002ec4        0x8 /Applications/STM32CubeIDE.app/Contents/Eclipse/plugins/com.st.stm32cube.ide.mcu.externaltools.gnu-tools-for-stm32.13.3.rel1.macos64_1.0.0.202411102158/tools/bin/../lib/gcc/arm-none-eabi/13.3.1/thumb/v7e-m+fp/hard/libgcc.a(_udivmoddi4.o)
                0x08002ecc                        __exidx_end = .
                0x08002ecc                        . = ALIGN (0x4)

.preinit_array  0x08002ecc        0x0
                0x08002ecc                        . = ALIGN (0x4)
                0x08002ecc                        PROVIDE (__preinit_array_start = .)
 *(.preinit_array*)
                0x08002ecc                        PROVIDE (__preinit_array_end = .)
                0x08002ecc                        . = ALIGN (0x4)

.init_array     0x08002ecc        0x4
                0x08002ecc                        . = ALIGN (0x4)
                0x08002ecc                        PROVIDE (__init_array_start = .)
 *(SORT_BY_NAME(.init_array.*))
 *(.init_array*)
 .init_array    0x08002ecc        0x4 /Applications/STM32CubeIDE.app/Contents/Eclipse/plugins/com.st.stm32cube.ide.mcu.externaltools.gnu-tools-for-stm32.13.3.rel1.macos64_1.0.0.202411102158/tools/bin/../lib/gcc/arm-none-eabi/13.3.1/thumb/v7e-m+fp/hard/crtbegin.o
                0x08002ed0                        PROVIDE (__init_array_end = .)
                0x08002ed0                        . = ALIGN (0x4)

.fini_array     0x08002ed0        0x4
                0x08002ed0                        . = ALIGN (0x4)
                [!provide]                        PROVIDE (__fini_array_start = .)
 *(SORT_BY_NAME(.fini_array.*))
 *(.fini_array*)
 .fini_array    0x08002ed0        0x4 /Applications/STM32CubeIDE.app/Contents/Eclipse/plugins/com.st.stm32cube.ide.mcu.externaltools.gnu-tools-for-stm32.13.3.rel1.macos64_1.0.0.202411102158/tools/bin/../lib/gcc/arm-none-eabi/13.3.1/thumb/v7e-m+fp/hard/crtbegin.o
                [!provide]                        PROVIDE (__fini_array_end = .)
                0x08002ed4                        . = ALIGN (0x4)
                0x08002ed4                        _sidata = LOADADDR (.data)

.rel.dyn        0x08002ed4        0x0
 .rel.iplt      0x08002ed4        0x0 /Applications/STM32CubeIDE.app/Contents/Eclipse/plugins/com.st.stm32cube.ide.mcu.externaltools.gnu-tools-for-stm32.13.3.rel1.macos64_1.0.0.202411102158/tools/bin/../lib/gcc/arm-none-eabi/13.3.1/thumb/v7e-m+fp/hard/crtbegin.o

.data           0x20000000        0x4 load address 0x08002ed4
                0x20000000                        . = ALIGN (0x4)
                0x20000000                        _sdata = .
 *(.data)
 *(.data*)
 .data.SystemCoreClock
                0x20000000        0x4 ./Core/Src/system_stm32l4xx.o
                0x20000000                SystemCoreClock
 *(.RamFunc)
 *(.RamFunc*)
                0x20000004                        . = ALIGN (0x4)
                0x20000004                        _edata = .

.igot.plt       0x20000004        0x0 load address 0x08002ed8
 .igot.plt      0x20000004        0x0 /Applications/STM32CubeIDE.app/Contents/Eclipse/plugins/com.st.stm32cube.ide.mcu.externaltools.gnu-tools-for-stm32.13.3.rel1.macos64_1.0.0.202411102158/tools/bin/../lib/gcc/arm-none-eabi/13.3.1/thumb/v7e-m+fp/hard/crtbegin.o
                0x20000004                        . = ALIGN (0x4)

.bss            0x20000004       0xa4 load address 0x08002ed8
                0x20000004                        _sbss = .
                0x20000004                        __bss_start__ = _sbss
 *(.bss)
 .bss           0x20000004       0x1c /Applications/STM32CubeIDE.app/Contents/Eclipse/plugins/com.st.stm32cube.ide.mcu.externaltools.gnu-tools-for-stm32.13.3.rel1.macos64_1.0.0.202411102158/tools/bin/../lib/gcc/arm-none-eabi/13.3.1/thumb/v7e-m+fp/hard/crtbegin.o
 *(.bss*)
 .bss.SendingisPending
                0x20000020        0x1 ./Core/Src/debug.o
 *fill*         0x20000021        0x3 
 .bss.data      0x20000024       0x80 ./Core/Src/debug.o
 .bss.len       0x200000a4        0x4 ./Core/Src/debug.o
                0x200000a4                len
 *(COMMON)
                0x200000a8                        . = ALIGN (0x4)
                0x200000a8                        _ebss = .
                0x200000a8                        __bss_end__ = _ebss

._user_heap_stack
                0x200000a8      0x600 load address 0x08002ed8
                0x200000a8                        . = ALIGN (0x8)
                [!provide]                        PROVIDE (end = .)
                0x200000a8                        PROVIDE (_end = .)
                0x200002a8                        . = (. + _Min_Heap_Size)
 *fill*         0x200000a8      0x200 
                0x200006a8                        . = (. + _Min_Stack_Size)
 *fill*         0x200002a8      0x400 
                0x200006a8                        . = ALIGN (0x8)

/DISCARD/
 libc.a(*)
 libm.a(*)
 libgcc.a(*)

.ARM.attributes
                0x00000000       0x30
 *(.ARM.attributes)
 .ARM.attributes
                0x00000000       0x22 /Applications/STM32CubeIDE.app/Contents/Eclipse/plugins/com.st.stm32cube.ide.mcu.externaltools.gnu-tools-for-stm32.13.3.rel1.macos64_1.0.0.202411102158/tools/bin/../lib/gcc/arm-none-eabi/13.3.1/thumb/v7e-m+fp/hard/crti.o
 .ARM.attributes
                0x00000022       0x34 /Applications/STM32CubeIDE.app/Contents/Eclipse/plugins/com.st.stm32cube.ide.mcu.externaltools.gnu-tools-for-stm32.13.3.rel1.macos64_1.0.0.202411102158/tools/bin/../lib/gcc/arm-none-eabi/13.3.1/thumb/v7e-m+fp/hard/crtbegin.o
 .ARM.attributes
                0x00000056       0x34 ./Core/Src/debug.o
 .ARM.attributes
                0x0000008a       0x34 ./Core/Src/gpio.o
 .ARM.attributes
                0x000000be       0x34 ./Core/Src/main.o
 .ARM.attributes
                0x000000f2       0x34 ./Core/Src/stm32l4xx_it.o
 .ARM.attributes
                0x00000126       0x34 ./Core/Src/system_stm32l4xx.o
 .ARM.attributes
                0x0000015a       0x34 ./Core/Src/usart.o
 .ARM.attributes
                0x0000018e       0x21 ./Core/Startup/startup_stm32l496rgtx.o
 .ARM.attributes
                0x000001af       0x34 ./Drivers/STM32L4xx_HAL_Driver/Src/stm32l4xx_ll_gpio.o
 .ARM.attributes
                0x000001e3       0x34 ./Drivers/STM32L4xx_HAL_Driver/Src/stm32l4xx_ll_rcc.o
 .ARM.attributes
                0x00000217       0x34 ./Drivers/STM32L4xx_HAL_Driver/Src/stm32l4xx_ll_usart.o
 .ARM.attributes
                0x0000024b       0x34 ./Drivers/STM32L4xx_HAL_Driver/Src/stm32l4xx_ll_utils.o
 .ARM.attributes
                0x0000027f       0x34 /Applications/STM32CubeIDE.app/Contents/Eclipse/plugins/com.st.stm32cube.ide.mcu.externaltools.gnu-tools-for-stm32.13.3.rel1.macos64_1.0.0.202411102158/tools/bin/../lib/gcc/arm-none-eabi/13.3.1/../../../../arm-none-eabi/lib/thumb/v7e-m+fp/hard/libc_nano.a(libc_a-isalpha.o)
 .ARM.attributes
                0x000002b3       0x34 /Applications/STM32CubeIDE.app/Contents/Eclipse/plugins/com.st.stm32cube.ide.mcu.externaltools.gnu-tools-for-stm32.13.3.rel1.macos64_1.0.0.202411102158/tools/bin/../lib/gcc/arm-none-eabi/13.3.1/../../../../arm-none-eabi/lib/thumb/v7e-m+fp/hard/libc_nano.a(libc_a-init.o)
 .ARM.attributes
                0x000002e7       0x34 /Applications/STM32CubeIDE.app/Contents/Eclipse/plugins/com.st.stm32cube.ide.mcu.externaltools.gnu-tools-for-stm32.13.3.rel1.macos64_1.0.0.202411102158/tools/bin/../lib/gcc/arm-none-eabi/13.3.1/../../../../arm-none-eabi/lib/thumb/v7e-m+fp/hard/libc_nano.a(libc_a-ctype_.o)
 .ARM.attributes
                0x0000031b       0x22 /Applications/STM32CubeIDE.app/Contents/Eclipse/plugins/com.st.stm32cube.ide.mcu.externaltools.gnu-tools-for-stm32.13.3.rel1.macos64_1.0.0.202411102158/tools/bin/../lib/gcc/arm-none-eabi/13.3.1/thumb/v7e-m+fp/hard/libgcc.a(_arm_truncdfsf2.o)
 .ARM.attributes
                0x0000033d       0x22 /Applications/STM32CubeIDE.app/Contents/Eclipse/plugins/com.st.stm32cube.ide.mcu.externaltools.gnu-tools-for-stm32.13.3.rel1.macos64_1.0.0.202411102158/tools/bin/../lib/gcc/arm-none-eabi/13.3.1/thumb/v7e-m+fp/hard/libgcc.a(_aeabi_uldivmod.o)
 .ARM.attributes
                0x0000035f       0x34 /Applications/STM32CubeIDE.app/Contents/Eclipse/plugins/com.st.stm32cube.ide.mcu.externaltools.gnu-tools-for-stm32.13.3.rel1.macos64_1.0.0.202411102158/tools/bin/../lib/gcc/arm-none-eabi/13.3.1/thumb/v7e-m+fp/hard/libgcc.a(_fixsfdi.o)
 .ARM.attributes
                0x00000393       0x34 /Applications/STM32CubeIDE.app/Contents/Eclipse/plugins/com.st.stm32cube.ide.mcu.externaltools.gnu-tools-for-stm32.13.3.rel1.macos64_1.0.0.202411102158/tools/bin/../lib/gcc/arm-none-eabi/13.3.1/thumb/v7e-m+fp/hard/libgcc.a(_fixunssfdi.o)
 .ARM.attributes
                0x000003c7       0x34 /Applications/STM32CubeIDE.app/Contents/Eclipse/plugins/com.st.stm32cube.ide.mcu.externaltools.gnu-tools-for-stm32.13.3.rel1.macos64_1.0.0.202411102158/tools/bin/../lib/gcc/arm-none-eabi/13.3.1/thumb/v7e-m+fp/hard/libgcc.a(_udivmoddi4.o)
 .ARM.attributes
                0x000003fb       0x22 /Applications/STM32CubeIDE.app/Contents/Eclipse/plugins/com.st.stm32cube.ide.mcu.externaltools.gnu-tools-for-stm32.13.3.rel1.macos64_1.0.0.202411102158/tools/bin/../lib/gcc/arm-none-eabi/13.3.1/thumb/v7e-m+fp/hard/libgcc.a(_arm_muldf3.o)
 .ARM.attributes
                0x0000041d       0x22 /Applications/STM32CubeIDE.app/Contents/Eclipse/plugins/com.st.stm32cube.ide.mcu.externaltools.gnu-tools-for-stm32.13.3.rel1.macos64_1.0.0.202411102158/tools/bin/../lib/gcc/arm-none-eabi/13.3.1/thumb/v7e-m+fp/hard/libgcc.a(_dvmd_tls.o)
 .ARM.attributes
                0x0000043f       0x22 /Applications/STM32CubeIDE.app/Contents/Eclipse/plugins/com.st.stm32cube.ide.mcu.externaltools.gnu-tools-for-stm32.13.3.rel1.macos64_1.0.0.202411102158/tools/bin/../lib/gcc/arm-none-eabi/13.3.1/thumb/v7e-m+fp/hard/libgcc.a(_arm_addsubdf3.o)
 .ARM.attributes
                0x00000461       0x22 /Applications/STM32CubeIDE.app/Contents/Eclipse/plugins/com.st.stm32cube.ide.mcu.externaltools.gnu-tools-for-stm32.13.3.rel1.macos64_1.0.0.202411102158/tools/bin/../lib/gcc/arm-none-eabi/13.3.1/thumb/v7e-m+fp/hard/libgcc.a(_arm_fixunsdfsi.o)
 .ARM.attributes
                0x00000483       0x22 /Applications/STM32CubeIDE.app/Contents/Eclipse/plugins/com.st.stm32cube.ide.mcu.externaltools.gnu-tools-for-stm32.13.3.rel1.macos64_1.0.0.202411102158/tools/bin/../lib/gcc/arm-none-eabi/13.3.1/thumb/v7e-m+fp/hard/crtn.o
OUTPUT(Athena_test.elf elf32-littlearm)
LOAD linker stubs
LOAD /Applications/STM32CubeIDE.app/Contents/Eclipse/plugins/com.st.stm32cube.ide.mcu.externaltools.gnu-tools-for-stm32.13.3.rel1.macos64_1.0.0.202411102158/tools/bin/../lib/gcc/arm-none-eabi/13.3.1/../../../../arm-none-eabi/lib/thumb/v7e-m+fp/hard/libc.a
LOAD /Applications/STM32CubeIDE.app/Contents/Eclipse/plugins/com.st.stm32cube.ide.mcu.externaltools.gnu-tools-for-stm32.13.3.rel1.macos64_1.0.0.202411102158/tools/bin/../lib/gcc/arm-none-eabi/13.3.1/../../../../arm-none-eabi/lib/thumb/v7e-m+fp/hard/libm.a
LOAD /Applications/STM32CubeIDE.app/Contents/Eclipse/plugins/com.st.stm32cube.ide.mcu.externaltools.gnu-tools-for-stm32.13.3.rel1.macos64_1.0.0.202411102158/tools/bin/../lib/gcc/arm-none-eabi/13.3.1/thumb/v7e-m+fp/hard/libgcc.a

.debug_info     0x00000000     0x5d05
 .debug_info    0x00000000      0x63c ./Core/Src/debug.o
 .debug_info    0x0000063c      0x49f ./Core/Src/gpio.o
 .debug_info    0x00000adb     0x107e ./Core/Src/main.o
 .debug_info    0x00001b59      0x155 ./Core/Src/stm32l4xx_it.o
 .debug_info    0x00001cae      0x5c6 ./Core/Src/system_stm32l4xx.o
 .debug_info    0x00002274      0xe88 ./Core/Src/usart.o
 .debug_info    0x000030fc       0x30 ./Core/Startup/startup_stm32l496rgtx.o
 .debug_info    0x0000312c      0x957 ./Drivers/STM32L4xx_HAL_Driver/Src/stm32l4xx_ll_gpio.o
 .debug_info    0x00003a83      0xe6d ./Drivers/STM32L4xx_HAL_Driver/Src/stm32l4xx_ll_rcc.o
 .debug_info    0x000048f0      0x79f ./Drivers/STM32L4xx_HAL_Driver/Src/stm32l4xx_ll_usart.o
 .debug_info    0x0000508f      0xc76 ./Drivers/STM32L4xx_HAL_Driver/Src/stm32l4xx_ll_utils.o

.debug_abbrev   0x00000000     0x12a0
 .debug_abbrev  0x00000000      0x205 ./Core/Src/debug.o
 .debug_abbrev  0x00000205      0x198 ./Core/Src/gpio.o
 .debug_abbrev  0x0000039d      0x2a0 ./Core/Src/main.o
 .debug_abbrev  0x0000063d       0x80 ./Core/Src/stm32l4xx_it.o
 .debug_abbrev  0x000006bd      0x11a ./Core/Src/system_stm32l4xx.o
 .debug_abbrev  0x000007d7      0x224 ./Core/Src/usart.o
 .debug_abbrev  0x000009fb       0x24 ./Core/Startup/startup_stm32l496rgtx.o
 .debug_abbrev  0x00000a1f      0x235 ./Drivers/STM32L4xx_HAL_Driver/Src/stm32l4xx_ll_gpio.o
 .debug_abbrev  0x00000c54      0x221 ./Drivers/STM32L4xx_HAL_Driver/Src/stm32l4xx_ll_rcc.o
 .debug_abbrev  0x00000e75      0x1cc ./Drivers/STM32L4xx_HAL_Driver/Src/stm32l4xx_ll_usart.o
 .debug_abbrev  0x00001041      0x25f ./Drivers/STM32L4xx_HAL_Driver/Src/stm32l4xx_ll_utils.o

.debug_aranges  0x00000000      0x780
 .debug_aranges
                0x00000000       0x68 ./Core/Src/debug.o
 .debug_aranges
                0x00000068       0x30 ./Core/Src/gpio.o
 .debug_aranges
                0x00000098       0xd8 ./Core/Src/main.o
 .debug_aranges
                0x00000170       0x68 ./Core/Src/stm32l4xx_it.o
 .debug_aranges
                0x000001d8       0x28 ./Core/Src/system_stm32l4xx.o
 .debug_aranges
                0x00000200       0x98 ./Core/Src/usart.o
 .debug_aranges
                0x00000298       0x28 ./Core/Startup/startup_stm32l496rgtx.o
 .debug_aranges
                0x000002c0       0x70 ./Drivers/STM32L4xx_HAL_Driver/Src/stm32l4xx_ll_gpio.o
 .debug_aranges
                0x00000330      0x290 ./Drivers/STM32L4xx_HAL_Driver/Src/stm32l4xx_ll_rcc.o
 .debug_aranges
                0x000005c0       0x88 ./Drivers/STM32L4xx_HAL_Driver/Src/stm32l4xx_ll_usart.o
 .debug_aranges
                0x00000648      0x138 ./Drivers/STM32L4xx_HAL_Driver/Src/stm32l4xx_ll_utils.o

.debug_rnglists
                0x00000000      0x58e
 .debug_rnglists
                0x00000000       0x4f ./Core/Src/debug.o
 .debug_rnglists
                0x0000004f       0x1f ./Core/Src/gpio.o
 .debug_rnglists
                0x0000006e       0x9f ./Core/Src/main.o
 .debug_rnglists
                0x0000010d       0x49 ./Core/Src/stm32l4xx_it.o
 .debug_rnglists
                0x00000156       0x1a ./Core/Src/system_stm32l4xx.o
 .debug_rnglists
                0x00000170       0x6e ./Core/Src/usart.o
 .debug_rnglists
                0x000001de       0x19 ./Core/Startup/startup_stm32l496rgtx.o
 .debug_rnglists
                0x000001f7       0x51 ./Drivers/STM32L4xx_HAL_Driver/Src/stm32l4xx_ll_gpio.o
 .debug_rnglists
                0x00000248      0x1fb ./Drivers/STM32L4xx_HAL_Driver/Src/stm32l4xx_ll_rcc.o
 .debug_rnglists
                0x00000443       0x63 ./Drivers/STM32L4xx_HAL_Driver/Src/stm32l4xx_ll_usart.o
 .debug_rnglists
                0x000004a6       0xe8 ./Drivers/STM32L4xx_HAL_Driver/Src/stm32l4xx_ll_utils.o

.debug_macro    0x00000000    0x22a59
 .debug_macro   0x00000000      0x23f ./Core/Src/debug.o
 .debug_macro   0x0000023f      0xb26 ./Core/Src/debug.o
 .debug_macro   0x00000d65       0x22 ./Core/Src/debug.o
 .debug_macro   0x00000d87       0x8e ./Core/Src/debug.o
 .debug_macro   0x00000e15       0x51 ./Core/Src/debug.o
 .debug_macro   0x00000e66      0x103 ./Core/Src/debug.o
 .debug_macro   0x00000f69       0x6a ./Core/Src/debug.o
 .debug_macro   0x00000fd3      0x1df ./Core/Src/debug.o
 .debug_macro   0x000011b2       0x22 ./Core/Src/debug.o
 .debug_macro   0x000011d4       0x58 ./Core/Src/debug.o
 .debug_macro   0x0000122c       0x61 ./Core/Src/debug.o
 .debug_macro   0x0000128d       0x2a ./Core/Src/debug.o
 .debug_macro   0x000012b7       0x43 ./Core/Src/debug.o
 .debug_macro   0x000012fa       0x34 ./Core/Src/debug.o
 .debug_macro   0x0000132e       0x16 ./Core/Src/debug.o
 .debug_macro   0x00001344       0x9e ./Core/Src/debug.o
 .debug_macro   0x000013e2      0x370 ./Core/Src/debug.o
 .debug_macro   0x00001752      0x112 ./Core/Src/debug.o
 .debug_macro   0x00001864       0x16 ./Core/Src/debug.o
 .debug_macro   0x0000187a       0x4a ./Core/Src/debug.o
 .debug_macro   0x000018c4       0x34 ./Core/Src/debug.o
 .debug_macro   0x000018f8       0x10 ./Core/Src/debug.o
 .debug_macro   0x00001908       0x58 ./Core/Src/debug.o
 .debug_macro   0x00001960       0x8e ./Core/Src/debug.o
 .debug_macro   0x000019ee       0x1c ./Core/Src/debug.o
 .debug_macro   0x00001a0a      0x185 ./Core/Src/debug.o
 .debug_macro   0x00001b8f       0x16 ./Core/Src/debug.o
 .debug_macro   0x00001ba5       0x16 ./Core/Src/debug.o
 .debug_macro   0x00001bbb      0x146 ./Core/Src/debug.o
 .debug_macro   0x00001d01       0x2e ./Core/Src/debug.o
 .debug_macro   0x00001d2f       0x28 ./Core/Src/debug.o
 .debug_macro   0x00001d57       0x1c ./Core/Src/debug.o
 .debug_macro   0x00001d73       0x22 ./Core/Src/debug.o
 .debug_macro   0x00001d95       0xfb ./Core/Src/debug.o
 .debug_macro   0x00001e90     0x1011 ./Core/Src/debug.o
 .debug_macro   0x00002ea1      0x11f ./Core/Src/debug.o
 .debug_macro   0x00002fc0    0x1c1e2 ./Core/Src/debug.o
 .debug_macro   0x0001f1a2       0x6d ./Core/Src/debug.o
 .debug_macro   0x0001f20f       0xca ./Core/Src/debug.o
 .debug_macro   0x0001f2d9      0x9a0 ./Core/Src/debug.o
 .debug_macro   0x0001fc79      0x1ed ./Core/Src/debug.o
 .debug_macro   0x0001fe66      0x3f7 ./Core/Src/debug.o
 .debug_macro   0x0002025d      0x16a ./Core/Src/debug.o
 .debug_macro   0x000203c7      0x1a6 ./Core/Src/debug.o
 .debug_macro   0x0002056d       0xa7 ./Core/Src/debug.o
 .debug_macro   0x00020614      0x20e ./Core/Src/debug.o
 .debug_macro   0x00020822      0x2cb ./Core/Src/debug.o
 .debug_macro   0x00020aed      0x30c ./Core/Src/debug.o
 .debug_macro   0x00020df9      0x169 ./Core/Src/debug.o
 .debug_macro   0x00020f62       0x22 ./Core/Src/debug.o
 .debug_macro   0x00020f84       0x10 ./Core/Src/debug.o
 .debug_macro   0x00020f94      0x150 ./Core/Src/gpio.o
 .debug_macro   0x000210e4      0x247 ./Core/Src/main.o
 .debug_macro   0x0002132b      0x150 ./Core/Src/stm32l4xx_it.o
 .debug_macro   0x0002147b       0xce ./Core/Src/system_stm32l4xx.o
 .debug_macro   0x00021549      0x150 ./Core/Src/usart.o
 .debug_macro   0x00021699      0x110 ./Drivers/STM32L4xx_HAL_Driver/Src/stm32l4xx_ll_gpio.o
 .debug_macro   0x000217a9      0x163 ./Drivers/STM32L4xx_HAL_Driver/Src/stm32l4xx_ll_gpio.o
 .debug_macro   0x0002190c      0x12b ./Drivers/STM32L4xx_HAL_Driver/Src/stm32l4xx_ll_rcc.o
 .debug_macro   0x00021a37      0x99a ./Drivers/STM32L4xx_HAL_Driver/Src/stm32l4xx_ll_rcc.o
 .debug_macro   0x000223d1      0x143 ./Drivers/STM32L4xx_HAL_Driver/Src/stm32l4xx_ll_usart.o
 .debug_macro   0x00022514      0x306 ./Drivers/STM32L4xx_HAL_Driver/Src/stm32l4xx_ll_usart.o
 .debug_macro   0x0002281a      0x19e ./Drivers/STM32L4xx_HAL_Driver/Src/stm32l4xx_ll_utils.o
 .debug_macro   0x000229b8       0xa1 ./Drivers/STM32L4xx_HAL_Driver/Src/stm32l4xx_ll_utils.o

.debug_line     0x00000000     0x67c3
 .debug_line    0x00000000      0xb00 ./Core/Src/debug.o
 .debug_line    0x00000b00      0x603 ./Core/Src/gpio.o
 .debug_line    0x00001103      0xabe ./Core/Src/main.o
 .debug_line    0x00001bc1      0x670 ./Core/Src/stm32l4xx_it.o
 .debug_line    0x00002231      0x523 ./Core/Src/system_stm32l4xx.o
 .debug_line    0x00002754      0x844 ./Core/Src/usart.o
 .debug_line    0x00002f98       0x7a ./Core/Startup/startup_stm32l496rgtx.o
 .debug_line    0x00003012      0x854 ./Drivers/STM32L4xx_HAL_Driver/Src/stm32l4xx_ll_gpio.o
 .debug_line    0x00003866     0x1ce0 ./Drivers/STM32L4xx_HAL_Driver/Src/stm32l4xx_ll_rcc.o
 .debug_line    0x00005546      0x72e ./Drivers/STM32L4xx_HAL_Driver/Src/stm32l4xx_ll_usart.o
 .debug_line    0x00005c74      0xb4f ./Drivers/STM32L4xx_HAL_Driver/Src/stm32l4xx_ll_utils.o

.debug_str      0x00000000    0xbe8be
 .debug_str     0x00000000    0xbe8be ./Core/Src/debug.o
                              0xbb2bf (size before relaxing)
 .debug_str     0x000be8be    0xb76eb ./Core/Src/gpio.o
 .debug_str     0x000be8be    0xbbd42 ./Core/Src/main.o
 .debug_str     0x000be8be    0xb7537 ./Core/Src/stm32l4xx_it.o
 .debug_str     0x000be8be    0xa93b6 ./Core/Src/system_stm32l4xx.o
 .debug_str     0x000be8be    0xb7f30 ./Core/Src/usart.o
 .debug_str     0x000be8be       0xab ./Core/Startup/startup_stm32l496rgtx.o
 .debug_str     0x000be8be    0xaaeb1 ./Drivers/STM32L4xx_HAL_Driver/Src/stm32l4xx_ll_gpio.o
 .debug_str     0x000be8be    0xb0083 ./Drivers/STM32L4xx_HAL_Driver/Src/stm32l4xx_ll_rcc.o
 .debug_str     0x000be8be    0xb1905 ./Drivers/STM32L4xx_HAL_Driver/Src/stm32l4xx_ll_usart.o
 .debug_str     0x000be8be    0xb2da2 ./Drivers/STM32L4xx_HAL_Driver/Src/stm32l4xx_ll_utils.o

.comment        0x00000000       0x43
 .comment       0x00000000       0x43 ./Core/Src/debug.o
                                 0x44 (size before relaxing)
 .comment       0x00000043       0x44 ./Core/Src/gpio.o
 .comment       0x00000043       0x44 ./Core/Src/main.o
 .comment       0x00000043       0x44 ./Core/Src/stm32l4xx_it.o
 .comment       0x00000043       0x44 ./Core/Src/system_stm32l4xx.o
 .comment       0x00000043       0x44 ./Core/Src/usart.o
 .comment       0x00000043       0x44 ./Drivers/STM32L4xx_HAL_Driver/Src/stm32l4xx_ll_gpio.o
 .comment       0x00000043       0x44 ./Drivers/STM32L4xx_HAL_Driver/Src/stm32l4xx_ll_rcc.o
 .comment       0x00000043       0x44 ./Drivers/STM32L4xx_HAL_Driver/Src/stm32l4xx_ll_usart.o
 .comment       0x00000043       0x44 ./Drivers/STM32L4xx_HAL_Driver/Src/stm32l4xx_ll_utils.o

.debug_frame    0x00000000     0x1fd8
 .debug_frame   0x00000000      0x1e8 ./Core/Src/debug.o
 .debug_frame   0x000001e8       0x84 ./Core/Src/gpio.o
 .debug_frame   0x0000026c      0x374 ./Core/Src/main.o
 .debug_frame   0x000005e0      0x128 ./Core/Src/stm32l4xx_it.o
 .debug_frame   0x00000708       0x58 ./Core/Src/system_stm32l4xx.o
 .debug_frame   0x00000760      0x274 ./Core/Src/usart.o
 .debug_frame   0x000009d4      0x1c0 ./Drivers/STM32L4xx_HAL_Driver/Src/stm32l4xx_ll_gpio.o
 .debug_frame   0x00000b94      0xaf0 ./Drivers/STM32L4xx_HAL_Driver/Src/stm32l4xx_ll_rcc.o
 .debug_frame   0x00001684      0x234 ./Drivers/STM32L4xx_HAL_Driver/Src/stm32l4xx_ll_usart.o
 .debug_frame   0x000018b8      0x4fc ./Drivers/STM32L4xx_HAL_Driver/Src/stm32l4xx_ll_utils.o
 .debug_frame   0x00001db4       0x20 /Applications/STM32CubeIDE.app/Contents/Eclipse/plugins/com.st.stm32cube.ide.mcu.externaltools.gnu-tools-for-stm32.13.3.rel1.macos64_1.0.0.202411102158/tools/bin/../lib/gcc/arm-none-eabi/13.3.1/../../../../arm-none-eabi/lib/thumb/v7e-m+fp/hard/libc_nano.a(libc_a-isalpha.o)
 .debug_frame   0x00001dd4       0x2c /Applications/STM32CubeIDE.app/Contents/Eclipse/plugins/com.st.stm32cube.ide.mcu.externaltools.gnu-tools-for-stm32.13.3.rel1.macos64_1.0.0.202411102158/tools/bin/../lib/gcc/arm-none-eabi/13.3.1/../../../../arm-none-eabi/lib/thumb/v7e-m+fp/hard/libc_nano.a(libc_a-init.o)
 .debug_frame   0x00001e00       0x24 /Applications/STM32CubeIDE.app/Contents/Eclipse/plugins/com.st.stm32cube.ide.mcu.externaltools.gnu-tools-for-stm32.13.3.rel1.macos64_1.0.0.202411102158/tools/bin/../lib/gcc/arm-none-eabi/13.3.1/thumb/v7e-m+fp/hard/libgcc.a(_arm_truncdfsf2.o)
 .debug_frame   0x00001e24       0x2c /Applications/STM32CubeIDE.app/Contents/Eclipse/plugins/com.st.stm32cube.ide.mcu.externaltools.gnu-tools-for-stm32.13.3.rel1.macos64_1.0.0.202411102158/tools/bin/../lib/gcc/arm-none-eabi/13.3.1/thumb/v7e-m+fp/hard/libgcc.a(_aeabi_uldivmod.o)
 .debug_frame   0x00001e50       0x28 /Applications/STM32CubeIDE.app/Contents/Eclipse/plugins/com.st.stm32cube.ide.mcu.externaltools.gnu-tools-for-stm32.13.3.rel1.macos64_1.0.0.202411102158/tools/bin/../lib/gcc/arm-none-eabi/13.3.1/thumb/v7e-m+fp/hard/libgcc.a(_fixsfdi.o)
 .debug_frame   0x00001e78       0x2c /Applications/STM32CubeIDE.app/Contents/Eclipse/plugins/com.st.stm32cube.ide.mcu.externaltools.gnu-tools-for-stm32.13.3.rel1.macos64_1.0.0.202411102158/tools/bin/../lib/gcc/arm-none-eabi/13.3.1/thumb/v7e-m+fp/hard/libgcc.a(_fixunssfdi.o)
 .debug_frame   0x00001ea4       0x34 /Applications/STM32CubeIDE.app/Contents/Eclipse/plugins/com.st.stm32cube.ide.mcu.externaltools.gnu-tools-for-stm32.13.3.rel1.macos64_1.0.0.202411102158/tools/bin/../lib/gcc/arm-none-eabi/13.3.1/thumb/v7e-m+fp/hard/libgcc.a(_udivmoddi4.o)
 .debug_frame   0x00001ed8       0x30 /Applications/STM32CubeIDE.app/Contents/Eclipse/plugins/com.st.stm32cube.ide.mcu.externaltools.gnu-tools-for-stm32.13.3.rel1.macos64_1.0.0.202411102158/tools/bin/../lib/gcc/arm-none-eabi/13.3.1/thumb/v7e-m+fp/hard/libgcc.a(_arm_muldf3.o)
 .debug_frame   0x00001f08       0xac /Applications/STM32CubeIDE.app/Contents/Eclipse/plugins/com.st.stm32cube.ide.mcu.externaltools.gnu-tools-for-stm32.13.3.rel1.macos64_1.0.0.202411102158/tools/bin/../lib/gcc/arm-none-eabi/13.3.1/thumb/v7e-m+fp/hard/libgcc.a(_arm_addsubdf3.o)
 .debug_frame   0x00001fb4       0x24 /Applications/STM32CubeIDE.app/Contents/Eclipse/plugins/com.st.stm32cube.ide.mcu.externaltools.gnu-tools-for-stm32.13.3.rel1.macos64_1.0.0.202411102158/tools/bin/../lib/gcc/arm-none-eabi/13.3.1/thumb/v7e-m+fp/hard/libgcc.a(_arm_fixunsdfsi.o)

.debug_line_str
                0x00000000       0x8f
 .debug_line_str
                0x00000000       0x8f ./Core/Startup/startup_stm32l496rgtx.o
