Archive member included to satisfy reference by file (symbol)

D:/STM32/STM32CubeIDE_1.15.1/STM32CubeIDE/plugins/com.st.stm32cube.ide.mcu.externaltools.gnu-tools-for-stm32.13.3.rel1.win32_1.0.0.202411081344/tools/bin/../lib/gcc/arm-none-eabi/13.3.1/../../../../arm-none-eabi/lib/thumb/v7e-m+fp/hard\libc_nano.a(libc_a-exit.o)
                              D:/STM32/STM32CubeIDE_1.15.1/STM32CubeIDE/plugins/com.st.stm32cube.ide.mcu.externaltools.gnu-tools-for-stm32.13.3.rel1.win32_1.0.0.202411081344/tools/bin/../lib/gcc/arm-none-eabi/13.3.1/../../../../arm-none-eabi/lib/thumb/v7e-m+fp/hard/crt0.o (exit)
D:/STM32/STM32CubeIDE_1.15.1/STM32CubeIDE/plugins/com.st.stm32cube.ide.mcu.externaltools.gnu-tools-for-stm32.13.3.rel1.win32_1.0.0.202411081344/tools/bin/../lib/gcc/arm-none-eabi/13.3.1/../../../../arm-none-eabi/lib/thumb/v7e-m+fp/hard\libc_nano.a(libc_a-isalpha.o)
                              ./Core/Src/debug.o (isalpha)
D:/STM32/STM32CubeIDE_1.15.1/STM32CubeIDE/plugins/com.st.stm32cube.ide.mcu.externaltools.gnu-tools-for-stm32.13.3.rel1.win32_1.0.0.202411081344/tools/bin/../lib/gcc/arm-none-eabi/13.3.1/../../../../arm-none-eabi/lib/thumb/v7e-m+fp/hard\libc_nano.a(libc_a-findfp.o)
                              D:/STM32/STM32CubeIDE_1.15.1/STM32CubeIDE/plugins/com.st.stm32cube.ide.mcu.externaltools.gnu-tools-for-stm32.13.3.rel1.win32_1.0.0.202411081344/tools/bin/../lib/gcc/arm-none-eabi/13.3.1/../../../../arm-none-eabi/lib/thumb/v7e-m+fp/hard\libc_nano.a(libc_a-exit.o) (__stdio_exit_handler)
D:/STM32/STM32CubeIDE_1.15.1/STM32CubeIDE/plugins/com.st.stm32cube.ide.mcu.externaltools.gnu-tools-for-stm32.13.3.rel1.win32_1.0.0.202411081344/tools/bin/../lib/gcc/arm-none-eabi/13.3.1/../../../../arm-none-eabi/lib/thumb/v7e-m+fp/hard\libc_nano.a(libc_a-fwalk.o)
                              D:/STM32/STM32CubeIDE_1.15.1/STM32CubeIDE/plugins/com.st.stm32cube.ide.mcu.externaltools.gnu-tools-for-stm32.13.3.rel1.win32_1.0.0.202411081344/tools/bin/../lib/gcc/arm-none-eabi/13.3.1/../../../../arm-none-eabi/lib/thumb/v7e-m+fp/hard\libc_nano.a(libc_a-findfp.o) (_fwalk_sglue)
D:/STM32/STM32CubeIDE_1.15.1/STM32CubeIDE/plugins/com.st.stm32cube.ide.mcu.externaltools.gnu-tools-for-stm32.13.3.rel1.win32_1.0.0.202411081344/tools/bin/../lib/gcc/arm-none-eabi/13.3.1/../../../../arm-none-eabi/lib/thumb/v7e-m+fp/hard\libc_nano.a(libc_a-stdio.o)
                              D:/STM32/STM32CubeIDE_1.15.1/STM32CubeIDE/plugins/com.st.stm32cube.ide.mcu.externaltools.gnu-tools-for-stm32.13.3.rel1.win32_1.0.0.202411081344/tools/bin/../lib/gcc/arm-none-eabi/13.3.1/../../../../arm-none-eabi/lib/thumb/v7e-m+fp/hard\libc_nano.a(libc_a-findfp.o) (__sread)
D:/STM32/STM32CubeIDE_1.15.1/STM32CubeIDE/plugins/com.st.stm32cube.ide.mcu.externaltools.gnu-tools-for-stm32.13.3.rel1.win32_1.0.0.202411081344/tools/bin/../lib/gcc/arm-none-eabi/13.3.1/../../../../arm-none-eabi/lib/thumb/v7e-m+fp/hard\libc_nano.a(libc_a-memset.o)
                              D:/STM32/STM32CubeIDE_1.15.1/STM32CubeIDE/plugins/com.st.stm32cube.ide.mcu.externaltools.gnu-tools-for-stm32.13.3.rel1.win32_1.0.0.202411081344/tools/bin/../lib/gcc/arm-none-eabi/13.3.1/../../../../arm-none-eabi/lib/thumb/v7e-m+fp/hard/crt0.o (memset)
D:/STM32/STM32CubeIDE_1.15.1/STM32CubeIDE/plugins/com.st.stm32cube.ide.mcu.externaltools.gnu-tools-for-stm32.13.3.rel1.win32_1.0.0.202411081344/tools/bin/../lib/gcc/arm-none-eabi/13.3.1/../../../../arm-none-eabi/lib/thumb/v7e-m+fp/hard\libc_nano.a(libc_a-closer.o)
                              D:/STM32/STM32CubeIDE_1.15.1/STM32CubeIDE/plugins/com.st.stm32cube.ide.mcu.externaltools.gnu-tools-for-stm32.13.3.rel1.win32_1.0.0.202411081344/tools/bin/../lib/gcc/arm-none-eabi/13.3.1/../../../../arm-none-eabi/lib/thumb/v7e-m+fp/hard\libc_nano.a(libc_a-stdio.o) (_close_r)
D:/STM32/STM32CubeIDE_1.15.1/STM32CubeIDE/plugins/com.st.stm32cube.ide.mcu.externaltools.gnu-tools-for-stm32.13.3.rel1.win32_1.0.0.202411081344/tools/bin/../lib/gcc/arm-none-eabi/13.3.1/../../../../arm-none-eabi/lib/thumb/v7e-m+fp/hard\libc_nano.a(libc_a-reent.o)
                              D:/STM32/STM32CubeIDE_1.15.1/STM32CubeIDE/plugins/com.st.stm32cube.ide.mcu.externaltools.gnu-tools-for-stm32.13.3.rel1.win32_1.0.0.202411081344/tools/bin/../lib/gcc/arm-none-eabi/13.3.1/../../../../arm-none-eabi/lib/thumb/v7e-m+fp/hard\libc_nano.a(libc_a-closer.o) (errno)
D:/STM32/STM32CubeIDE_1.15.1/STM32CubeIDE/plugins/com.st.stm32cube.ide.mcu.externaltools.gnu-tools-for-stm32.13.3.rel1.win32_1.0.0.202411081344/tools/bin/../lib/gcc/arm-none-eabi/13.3.1/../../../../arm-none-eabi/lib/thumb/v7e-m+fp/hard\libc_nano.a(libc_a-impure.o)
                              D:/STM32/STM32CubeIDE_1.15.1/STM32CubeIDE/plugins/com.st.stm32cube.ide.mcu.externaltools.gnu-tools-for-stm32.13.3.rel1.win32_1.0.0.202411081344/tools/bin/../lib/gcc/arm-none-eabi/13.3.1/../../../../arm-none-eabi/lib/thumb/v7e-m+fp/hard\libc_nano.a(libc_a-reent.o) (_impure_ptr)
[...]
Memory Configuration

Name             Origin             Length             Attributes
RAM              0x20000000         0x00040000         xrw
RAM2             0x10000000         0x00010000         xrw
FLASH            0x08000000         0x00100000         xr
*default*        0x00000000         0xffffffff

Linker script and memory map

LOAD D:/STM32/STM32CubeIDE_1.15.1/STM32CubeIDE/plugins/com.st.stm32cube.ide.mcu.externaltools.gnu-tools-for-stm32.13.3.rel1.win32_1.0.0.202411081344/tools/bin/../lib/gcc/arm-none-eabi/13.3.1/thumb/v7e-m+fp/hard/crti.o
LOAD D:/STM32/STM32CubeIDE_1.15.1/STM32CubeIDE/plugins/com.st.stm32cube.ide.mcu.externaltools.gnu-tools-for-stm32.13.3.rel1.win32_1.0.0.202411081344/tools/bin/../lib/gcc/arm-none-eabi/13.3.1/thumb/v7e-m+fp/hard/crtbegin.o
LOAD D:/STM32/STM32CubeIDE_1.15.1/STM32CubeIDE/plugins/com.st.stm32cube.ide.mcu.externaltools.gnu-tools-for-stm32.13.3.rel1.win32_1.0.0.202411081344/tools/bin/../lib/gcc/arm-none-eabi/13.3.1/../../../../arm-none-eabi/lib/thumb/v7e-m+fp/hard/crt0.o
LOAD ./Core/Src/debug.o
LOAD ./Core/Src/gpio.o
LOAD ./Core/Src/main.o
LOAD ./Core/Src/stm32l4xx_it.o
LOAD ./Core/Src/syscalls.o
LOAD ./Core/Src/sysmem.o
LOAD ./Core/Src/system_stm32l4xx.o
LOAD ./Core/Src/usart.o
LOAD ./Core/Startup/startup_stm32l496rgtx.o
LOAD ./Drivers/STM32L4xx_HAL_Driver/Src/stm32l4xx_ll_dma.o
LOAD ./Drivers/STM32L4xx_HAL_Driver/Src/stm32l4xx_ll_exti.o
LOAD ./Drivers/STM32L4xx_HAL_Driver/Src/stm32l4xx_ll_gpio.o
LOAD ./Drivers/STM32L4xx_HAL_Driver/Src/stm32l4xx_ll_pwr.o
LOAD ./Drivers/STM32L4xx_HAL_Driver/Src/stm32l4xx_ll_rcc.o
LOAD ./Drivers/STM32L4xx_HAL_Driver/Src/stm32l4xx_ll_usart.o
LOAD ./Drivers/STM32L4xx_HAL_Driver/Src/stm32l4xx_ll_utils.o
START GROUP
LOAD D:/STM32/STM32CubeIDE_1.15.1/STM32CubeIDE/plugins/com.st.stm32cube.ide.mcu.externaltools.gnu-tools-for-stm32.13.3.rel1.win32_1.0.0.202411081344/tools/bin/../lib/gcc/arm-none-eabi/13.3.1/../../../../arm-none-eabi/lib/thumb/v7e-m+fp/hard\libc_nano.a
LOAD D:/STM32/STM32CubeIDE_1.15.1/STM32CubeIDE/plugins/com.st.stm32cube.ide.mcu.externaltools.gnu-tools-for-stm32.13.3.rel1.win32_1.0.0.202411081344/tools/bin/../lib/gcc/arm-none-eabi/13.3.1/../../../../arm-none-eabi/lib/thumb/v7e-m+fp/hard\libm.a
END GROUP
START GROUP
LOAD D:/STM32/STM32CubeIDE_1.15.1/STM32CubeIDE/plugins/com.st.stm32cube.ide.mcu.externaltools.gnu-tools-for-stm32.13.3.rel1.win32_1.0.0.202411081344/tools/bin/../lib/gcc/arm-none-eabi/13.3.1/thumb/v7e-m+fp/hard\libgcc.a
LOAD D:/STM32/STM32CubeIDE_1.15.1/STM32CubeIDE/plugins/com.st.stm32cube.ide.mcu.externaltools.gnu-tools-for-stm32.13.3.rel1.win32_1.0.0.202411081344/tools/bin/../lib/gcc/arm-none-eabi/13.3.1/../../../../arm-none-eabi/lib/thumb/v7e-m+fp/hard\libc_nano.a
END GROUP
START GROUP
LOAD D:/STM32/STM32CubeIDE_1.15.1/STM32CubeIDE/plugins/com.st.stm32cube.ide.mcu.externaltools.gnu-tools-for-stm32.13.3.rel1.win32_1.0.0.202411081344/tools/bin/../lib/gcc/arm-none-eabi/13.3.1/thumb/v7e-m+fp/hard\libgcc.a
LOAD D:/STM32/STM32CubeIDE_1.15.1/STM32CubeIDE/plugins/com.st.stm32cube.ide.mcu.externaltools.gnu-tools-for-stm32.13.3.rel1.win32_1.0.0.202411081344/tools/bin/../lib/gcc/arm-none-eabi/13.3.1/../../../../arm-none-eabi/lib/thumb/v7e-m+fp/hard\libc_nano.a
LOAD D:/STM32/STM32CubeIDE_1.15.1/STM32CubeIDE/plugins/com.st.stm32cube.ide.mcu.externaltools.gnu-tools-for-stm32.13.3.rel1.win32_1.0.0.202411081344/tools/bin/../lib/gcc/arm-none-eabi/13.3.1/../../../../arm-none-eabi/lib/thumb/v7e-m+fp/hard\libnosys.a
END GROUP
START GROUP
LOAD D:/STM32/STM32CubeIDE_1.15.1/STM32CubeIDE/plugins/com.st.stm32cube.ide.mcu.externaltools.gnu-tools-for-stm32.13.3.rel1.win32_1.0.0.202411081344/tools/bin/../lib/gcc/arm-none-eabi/13.3.1/thumb/v7e-m+fp/hard\libgcc.a
LOAD D:/STM32/STM32CubeIDE_1.15.1/STM32CubeIDE/plugins/com.st.stm32cube.ide.mcu.externaltools.gnu-tools-for-stm32.13.3.rel1.win32_1.0.0.202411081344/tools/bin/../lib/gcc/arm-none-eabi/13.3.1/../../../../arm-none-eabi/lib/thumb/v7e-m+fp/hard\libc_nano.a
LOAD D:/STM32/STM32CubeIDE_1.15.1/STM32CubeIDE/plugins/com.st.stm32cube.ide.mcu.externaltools.gnu-tools-for-stm32.13.3.rel1.win32_1.0.0.202411081344/tools/bin/../lib/gcc/arm-none-eabi/13.3.1/../../../../arm-none-eabi/lib/thumb/v7e-m+fp/hard\libnosys.a
END GROUP
LOAD D:/STM32/STM32CubeIDE_1.15.1/STM32CubeIDE/plugins/com.st.stm32cube.ide.mcu.externaltools.gnu-tools-for-stm32.13.3.rel1.win32_1.0.0.202411081344/tools/bin/../lib/gcc/arm-none-eabi/13.3.1/thumb/v7e-m+fp/hard/crtend.o
LOAD D:/STM32/STM32CubeIDE_1.15.1/STM32CubeIDE/plugins/com.st.stm32cube.ide.mcu.externaltools.gnu-tools-for-stm32.13.3.rel1.win32_1.0.0.202411081344/tools/bin/../lib/gcc/arm-none-eabi/13.3.1/thumb/v7e-m+fp/hard/crtn.o
                0x20040000                        _estack = (ORIGIN (RAM) + LENGTH (RAM))
                0x00000200                        _Min_Heap_Size = 0x200
                0x00000400                        _Min_Stack_Size = 0x400

.isr_vector     0x08000000      0x1ac
                0x08000000                        . = ALIGN (0x4)
 *(.isr_vector)
 .isr_vector    0x08000000      0x1ac ./Core/Startup/startup_stm32l496rgtx.o
                0x08000000                g_pfnVectors
                0x080001ac                        . = ALIGN (0x4)

.text           0x080001ac     0x1788
                0x080001ac                        . = ALIGN (0x4)
 *(.text)
 .text          0x080001ac       0x40 D:/STM32/STM32CubeIDE_1.15.1/STM32CubeIDE/plugins/com.st.stm32cube.ide.mcu.externaltools.gnu-tools-for-stm32.13.3.rel1.win32_1.0.0.202411081344/tools/bin/../lib/gcc/arm-none-eabi/13.3.1/thumb/v7e-m+fp/hard/crtbegin.o
 *(.text*)
 .text.LL_USART_IsActiveFlag_RXNE
                0x080001ec       0x26 ./Core/Src/debug.o
 .text.LL_USART_ReceiveData8
                0x08000212       0x1c ./Core/Src/debug.o
 *fill*         0x0800022e        0x2 
 .text.UART1_Receive
                0x08000230       0x24 ./Core/Src/debug.o
                0x08000230                UART1_Receive
 .text.LL_AHB2_GRP1_EnableClock
                0x08000254       0x30 ./Core/Src/gpio.o
 .text.LL_GPIO_SetOutputPin
                0x08000284       0x1c ./Core/Src/gpio.o
 .text.MX_GPIO_Init
                0x080002a0       0x58 ./Core/Src/gpio.o
                0x080002a0                MX_GPIO_Init
 .text.__NVIC_SetPriorityGrouping
                0x080002f8       0x48 ./Core/Src/main.o
 .text.__NVIC_GetPriorityGrouping
                0x08000340       0x1c ./Core/Src/main.o
 .text.__NVIC_SetPriority
                0x0800035c       0x54 ./Core/Src/main.o
 .text.NVIC_EncodePriority
                0x080003b0       0x66 ./Core/Src/main.o
 *fill*         0x08000416        0x2 
 .text.LL_RCC_MSI_Enable
                0x08000418       0x20 ./Core/Src/main.o
 .text.LL_RCC_MSI_IsReady
                0x08000438       0x24 ./Core/Src/main.o
 .text.LL_RCC_MSI_EnableRangeSelection
                0x0800045c       0x20 ./Core/Src/main.o
 .text.LL_RCC_MSI_SetRange
                0x0800047c       0x28 ./Core/Src/main.o
 .text.LL_RCC_MSI_SetCalibTrimming
                0x080004a4       0x2c ./Core/Src/main.o
 .text.LL_RCC_SetSysClkSource
                0x080004d0       0x28 ./Core/Src/main.o
 .text.LL_RCC_GetSysClkSource
                0x080004f8       0x1c ./Core/Src/main.o
 .text.LL_RCC_SetAHBPrescaler
                0x08000514       0x28 ./Core/Src/main.o
 .text.LL_RCC_SetAPB1Prescaler
                0x0800053c       0x28 ./Core/Src/main.o
 .text.LL_RCC_SetAPB2Prescaler
                0x08000564       0x28 ./Core/Src/main.o
 .text.LL_APB1_GRP1_EnableClock
                0x0800058c       0x30 ./Core/Src/main.o
 .text.LL_APB2_GRP1_EnableClock
                0x080005bc       0x30 ./Core/Src/main.o
 .text.LL_FLASH_SetLatency
                0x080005ec       0x28 ./Core/Src/main.o
 .text.LL_FLASH_GetLatency
                0x08000614       0x1c ./Core/Src/main.o
 .text.LL_PWR_SetRegulVoltageScaling
                0x08000630       0x28 ./Core/Src/main.o
 .text.LL_PWR_IsActiveFlag_VOS
                0x08000658       0x28 ./Core/Src/main.o
 .text.LL_GPIO_TogglePin
                0x08000680       0x32 ./Core/Src/main.o
 *fill*         0x080006b2        0x2 
 .text.main     0x080006b4       0x74 ./Core/Src/main.o
                0x080006b4                main
 .text.SystemClock_Config
                0x08000728       0x84 ./Core/Src/main.o
                0x08000728                SystemClock_Config
 .text.NMI_Handler
                0x080007ac        0x8 ./Core/Src/stm32l4xx_it.o
                0x080007ac                NMI_Handler
 .text.HardFault_Handler
                0x080007b4        0x8 ./Core/Src/stm32l4xx_it.o
                0x080007b4                HardFault_Handler
 .text.MemManage_Handler
                0x080007bc        0x8 ./Core/Src/stm32l4xx_it.o
                0x080007bc                MemManage_Handler
 .text.BusFault_Handler
                0x080007c4        0x8 ./Core/Src/stm32l4xx_it.o
                0x080007c4                BusFault_Handler
 .text.UsageFault_Handler
                0x080007cc        0x8 ./Core/Src/stm32l4xx_it.o
                0x080007cc                UsageFault_Handler
 .text.SVC_Handler
                0x080007d4        0xe ./Core/Src/stm32l4xx_it.o
                0x080007d4                SVC_Handler
 .text.DebugMon_Handler
                0x080007e2        0xe ./Core/Src/stm32l4xx_it.o
                0x080007e2                DebugMon_Handler
 .text.PendSV_Handler
                0x080007f0        0xe ./Core/Src/stm32l4xx_it.o
                0x080007f0                PendSV_Handler
 .text.SysTick_Handler
                0x080007fe        0xe ./Core/Src/stm32l4xx_it.o
                0x080007fe                SysTick_Handler
 .text.USART1_IRQHandler
                0x0800080c        0xe ./Core/Src/stm32l4xx_it.o
                0x0800080c                USART1_IRQHandler
 *fill*         0x0800081a        0x2 
 .text.SystemInit
                0x0800081c       0x24 ./Core/Src/system_stm32l4xx.o
                0x0800081c                SystemInit
 .text.__NVIC_GetPriorityGrouping
                0x08000840       0x1c ./Core/Src/usart.o
 .text.__NVIC_EnableIRQ
                0x0800085c       0x3c ./Core/Src/usart.o
 .text.__NVIC_SetPriority
                0x08000898       0x54 ./Core/Src/usart.o
 .text.NVIC_EncodePriority
                0x080008ec       0x66 ./Core/Src/usart.o
 *fill*         0x08000952        0x2 
 .text.LL_RCC_SetUSARTClockSource
                0x08000954       0x34 ./Core/Src/usart.o
 .text.LL_AHB2_GRP1_EnableClock
                0x08000988       0x30 ./Core/Src/usart.o
 .text.LL_APB2_GRP1_EnableClock
                0x080009b8       0x30 ./Core/Src/usart.o
 .text.LL_USART_Enable
                0x080009e8       0x20 ./Core/Src/usart.o
 .text.LL_USART_ConfigAsyncMode
                0x08000a08       0x2c ./Core/Src/usart.o
 .text.MX_USART1_UART_Init
                0x08000a34       0xc8 ./Core/Src/usart.o
                0x08000a34                MX_USART1_UART_Init
 .text.Reset_Handler
                0x08000afc       0x50 ./Core/Startup/startup_stm32l496rgtx.o
                0x08000afc                Reset_Handler
 .text.Default_Handler
                0x08000b4c        0x2 ./Core/Startup/startup_stm32l496rgtx.o
                0x08000b4c                RTC_Alarm_IRQHandler
                0x08000b4c                EXTI2_IRQHandler
                0x08000b4c                TIM8_TRG_COM_IRQHandler
                0x08000b4c                TIM8_CC_IRQHandler
                0x08000b4c                TIM1_CC_IRQHandler
                0x08000b4c                TSC_IRQHandler
                0x08000b4c                TAMP_STAMP_IRQHandler
                0x08000b4c                CAN2_RX1_IRQHandler
                0x08000b4c                EXTI3_IRQHandler
                0x08000b4c                LPTIM2_IRQHandler
                0x08000b4c                DFSDM1_FLT1_IRQHandler
                0x08000b4c                I2C3_ER_IRQHandler
                0x08000b4c                DFSDM1_FLT2_IRQHandler
                0x08000b4c                EXTI0_IRQHandler
                0x08000b4c                I2C2_EV_IRQHandler
                0x08000b4c                CAN1_RX0_IRQHandler
                0x08000b4c                FPU_IRQHandler
                0x08000b4c                TIM1_UP_TIM16_IRQHandler
                0x08000b4c                CAN2_SCE_IRQHandler
                0x08000b4c                ADC1_2_IRQHandler
                0x08000b4c                SPI1_IRQHandler
                0x08000b4c                TIM6_DAC_IRQHandler
                0x08000b4c                DCMI_IRQHandler
                0x08000b4c                CAN2_RX0_IRQHandler
                0x08000b4c                TIM8_UP_IRQHandler
                0x08000b4c                DMA2_Channel2_IRQHandler
                0x08000b4c                DMA1_Channel4_IRQHandler
                0x08000b4c                SAI2_IRQHandler
                0x08000b4c                DFSDM1_FLT3_IRQHandler
                0x08000b4c                USART3_IRQHandler
                0x08000b4c                DMA1_Channel7_IRQHandler
                0x08000b4c                CAN1_RX1_IRQHandler
                0x08000b4c                LCD_IRQHandler
                0x08000b4c                UART5_IRQHandler
                0x08000b4c                ADC3_IRQHandler
                0x08000b4c                TIM4_IRQHandler
                0x08000b4c                DMA2_Channel1_IRQHandler
                0x08000b4c                QUADSPI_IRQHandler
                0x08000b4c                I2C1_EV_IRQHandler
                0x08000b4c                DMA1_Channel6_IRQHandler
                0x08000b4c                UART4_IRQHandler
                0x08000b4c                DMA2_Channel4_IRQHandler
                0x08000b4c                TIM3_IRQHandler
                0x08000b4c                RCC_IRQHandler
                0x08000b4c                DMA1_Channel1_IRQHandler
                0x08000b4c                Default_Handler
                0x08000b4c                DMA2_Channel7_IRQHandler
                0x08000b4c                EXTI15_10_IRQHandler
                0x08000b4c                TIM7_IRQHandler
                0x08000b4c                SDMMC1_IRQHandler
                0x08000b4c                CAN2_TX_IRQHandler
                0x08000b4c                TIM5_IRQHandler
                0x08000b4c                I2C3_EV_IRQHandler
                0x08000b4c                EXTI9_5_IRQHandler
                0x08000b4c                RTC_WKUP_IRQHandler
                0x08000b4c                PVD_PVM_IRQHandler
                0x08000b4c                SPI2_IRQHandler
                0x08000b4c                CAN1_TX_IRQHandler
                0x08000b4c                DMA2_Channel5_IRQHandler
                0x08000b4c                CRS_IRQHandler
                0x08000b4c                DMA1_Channel5_IRQHandler
                0x08000b4c                EXTI4_IRQHandler
                0x08000b4c                RNG_IRQHandler
                0x08000b4c                TIM1_TRG_COM_TIM17_IRQHandler
                0x08000b4c                DMA1_Channel3_IRQHandler
                0x08000b4c                COMP_IRQHandler
                0x08000b4c                WWDG_IRQHandler
                0x08000b4c                I2C4_EV_IRQHandler
                0x08000b4c                LPUART1_IRQHandler
                0x08000b4c                DMA2_Channel6_IRQHandler
                0x08000b4c                TIM2_IRQHandler
                0x08000b4c                EXTI1_IRQHandler
                0x08000b4c                USART2_IRQHandler
                0x08000b4c                DFSDM1_FLT0_IRQHandler
                0x08000b4c                I2C2_ER_IRQHandler
                0x08000b4c                DMA1_Channel2_IRQHandler
                0x08000b4c                TIM8_BRK_IRQHandler
                0x08000b4c                CAN1_SCE_IRQHandler
                0x08000b4c                FLASH_IRQHandler
                0x08000b4c                OTG_FS_IRQHandler
                0x08000b4c                SPI3_IRQHandler
                0x08000b4c                I2C1_ER_IRQHandler
                0x08000b4c                FMC_IRQHandler
                0x08000b4c                SWPMI1_IRQHandler
                0x08000b4c                LPTIM1_IRQHandler
                0x08000b4c                I2C4_ER_IRQHandler
                0x08000b4c                SAI1_IRQHandler
                0x08000b4c                DMA2_Channel3_IRQHandler
                0x08000b4c                TIM1_BRK_TIM15_IRQHandler
 .text.LL_GPIO_SetPinMode
                0x08000b4e       0x7a ./Drivers/STM32L4xx_HAL_Driver/Src/stm32l4xx_ll_gpio.o
 .text.LL_GPIO_SetPinOutputType
                0x08000bc8       0x30 ./Drivers/STM32L4xx_HAL_Driver/Src/stm32l4xx_ll_gpio.o
 .text.LL_GPIO_SetPinSpeed
                0x08000bf8       0x7a ./Drivers/STM32L4xx_HAL_Driver/Src/stm32l4xx_ll_gpio.o
 .text.LL_GPIO_SetPinPull
                0x08000c72       0x7a ./Drivers/STM32L4xx_HAL_Driver/Src/stm32l4xx_ll_gpio.o
 .text.LL_GPIO_SetAFPin_0_7
                0x08000cec       0x7a ./Drivers/STM32L4xx_HAL_Driver/Src/stm32l4xx_ll_gpio.o
 .text.LL_GPIO_SetAFPin_8_15
                0x08000d66       0x7e ./Drivers/STM32L4xx_HAL_Driver/Src/stm32l4xx_ll_gpio.o
 .text.LL_GPIO_Init
                0x08000de4       0xdc ./Drivers/STM32L4xx_HAL_Driver/Src/stm32l4xx_ll_gpio.o
                0x08000de4                LL_GPIO_Init
 .text.LL_RCC_HSI_IsReady
                0x08000ec0       0x28 ./Drivers/STM32L4xx_HAL_Driver/Src/stm32l4xx_ll_rcc.o
 .text.LL_RCC_LSE_IsReady
                0x08000ee8       0x28 ./Drivers/STM32L4xx_HAL_Driver/Src/stm32l4xx_ll_rcc.o
 .text.LL_RCC_MSI_IsEnabledRangeSelect
                0x08000f10       0x24 ./Drivers/STM32L4xx_HAL_Driver/Src/stm32l4xx_ll_rcc.o
 .text.LL_RCC_MSI_GetRange
                0x08000f34       0x1c ./Drivers/STM32L4xx_HAL_Driver/Src/stm32l4xx_ll_rcc.o
 .text.LL_RCC_MSI_GetRangeAfterStandby
                0x08000f50       0x1c ./Drivers/STM32L4xx_HAL_Driver/Src/stm32l4xx_ll_rcc.o
 .text.LL_RCC_GetSysClkSource
                0x08000f6c       0x1c ./Drivers/STM32L4xx_HAL_Driver/Src/stm32l4xx_ll_rcc.o
 .text.LL_RCC_GetAHBPrescaler
                0x08000f88       0x1c ./Drivers/STM32L4xx_HAL_Driver/Src/stm32l4xx_ll_rcc.o
 .text.LL_RCC_GetAPB1Prescaler
                0x08000fa4       0x1c ./Drivers/STM32L4xx_HAL_Driver/Src/stm32l4xx_ll_rcc.o
 .text.LL_RCC_GetAPB2Prescaler
                0x08000fc0       0x1c ./Drivers/STM32L4xx_HAL_Driver/Src/stm32l4xx_ll_rcc.o
 .text.LL_RCC_GetUSARTClockSource
                0x08000fdc       0x28 ./Drivers/STM32L4xx_HAL_Driver/Src/stm32l4xx_ll_rcc.o
 .text.LL_RCC_GetUARTClockSource
                0x08001004       0x28 ./Drivers/STM32L4xx_HAL_Driver/Src/stm32l4xx_ll_rcc.o
 .text.LL_RCC_PLL_GetMainSource
                0x0800102c       0x1c ./Drivers/STM32L4xx_HAL_Driver/Src/stm32l4xx_ll_rcc.o
 .text.LL_RCC_PLL_GetN
                0x08001048       0x1c ./Drivers/STM32L4xx_HAL_Driver/Src/stm32l4xx_ll_rcc.o
 .text.LL_RCC_PLL_GetR
                0x08001064       0x1c ./Drivers/STM32L4xx_HAL_Driver/Src/stm32l4xx_ll_rcc.o
 .text.LL_RCC_PLL_GetDivider
                0x08001080       0x1c ./Drivers/STM32L4xx_HAL_Driver/Src/stm32l4xx_ll_rcc.o
 .text.LL_RCC_GetUSARTClockFreq
                0x0800109c      0x1c4 ./Drivers/STM32L4xx_HAL_Driver/Src/stm32l4xx_ll_rcc.o
                0x0800109c                LL_RCC_GetUSARTClockFreq
 .text.LL_RCC_GetUARTClockFreq
                0x08001260      0x128 ./Drivers/STM32L4xx_HAL_Driver/Src/stm32l4xx_ll_rcc.o
                0x08001260                LL_RCC_GetUARTClockFreq
 .text.RCC_GetSystemClockFreq
                0x08001388      0x120 ./Drivers/STM32L4xx_HAL_Driver/Src/stm32l4xx_ll_rcc.o
 .text.RCC_GetHCLKClockFreq
                0x080014a8       0x2c ./Drivers/STM32L4xx_HAL_Driver/Src/stm32l4xx_ll_rcc.o
 .text.RCC_GetPCLK1ClockFreq
                0x080014d4       0x28 ./Drivers/STM32L4xx_HAL_Driver/Src/stm32l4xx_ll_rcc.o
 .text.RCC_GetPCLK2ClockFreq
                0x080014fc       0x28 ./Drivers/STM32L4xx_HAL_Driver/Src/stm32l4xx_ll_rcc.o
 .text.RCC_PLL_GetFreqDomain_SYS
                0x08001524      0x118 ./Drivers/STM32L4xx_HAL_Driver/Src/stm32l4xx_ll_rcc.o
 .text.LL_USART_IsEnabled
                0x0800163c       0x26 ./Drivers/STM32L4xx_HAL_Driver/Src/stm32l4xx_ll_usart.o
 .text.LL_USART_SetStopBitsLength
                0x08001662       0x26 ./Drivers/STM32L4xx_HAL_Driver/Src/stm32l4xx_ll_usart.o
 .text.LL_USART_SetHWFlowCtrl
                0x08001688       0x26 ./Drivers/STM32L4xx_HAL_Driver/Src/stm32l4xx_ll_usart.o
 .text.LL_USART_SetBaudRate
                0x080016ae       0x6e ./Drivers/STM32L4xx_HAL_Driver/Src/stm32l4xx_ll_usart.o
 .text.LL_USART_Init
                0x0800171c       0xf8 ./Drivers/STM32L4xx_HAL_Driver/Src/stm32l4xx_ll_usart.o
                0x0800171c                LL_USART_Init
 .text.LL_InitTick
                0x08001814       0x34 ./Drivers/STM32L4xx_HAL_Driver/Src/stm32l4xx_ll_utils.o
 .text.LL_Init1msTick
                0x08001848       0x1a ./Drivers/STM32L4xx_HAL_Driver/Src/stm32l4xx_ll_utils.o
                0x08001848                LL_Init1msTick
 *fill*         0x08001862        0x2 
 .text.LL_mDelay
                0x08001864       0x50 ./Drivers/STM32L4xx_HAL_Driver/Src/stm32l4xx_ll_utils.o
                0x08001864                LL_mDelay
 .text.LL_SetSystemCoreClock
                0x080018b4       0x20 ./Drivers/STM32L4xx_HAL_Driver/Src/stm32l4xx_ll_utils.o
                0x080018b4                LL_SetSystemCoreClock
 .text.__libc_init_array
                0x080018d4       0x48 D:/STM32/STM32CubeIDE_1.15.1/STM32CubeIDE/plugins/com.st.stm32cube.ide.mcu.externaltools.gnu-tools-for-stm32.13.3.rel1.win32_1.0.0.202411081344/tools/bin/../lib/gcc/arm-none-eabi/13.3.1/../../../../arm-none-eabi/lib/thumb/v7e-m+fp/hard\libc_nano.a(libc_a-init.o)
                0x080018d4                __libc_init_array
 *(.glue_7)
 .glue_7        0x0800191c        0x0 linker stubs
 *(.glue_7t)
 .glue_7t       0x0800191c        0x0 linker stubs
 *(.eh_frame)
 .eh_frame      0x0800191c        0x0 D:/STM32/STM32CubeIDE_1.15.1/STM32CubeIDE/plugins/com.st.stm32cube.ide.mcu.externaltools.gnu-tools-for-stm32.13.3.rel1.win32_1.0.0.202411081344/tools/bin/../lib/gcc/arm-none-eabi/13.3.1/thumb/v7e-m+fp/hard/crtbegin.o
 *(.init)
 .init          0x0800191c        0x4 D:/STM32/STM32CubeIDE_1.15.1/STM32CubeIDE/plugins/com.st.stm32cube.ide.mcu.externaltools.gnu-tools-for-stm32.13.3.rel1.win32_1.0.0.202411081344/tools/bin/../lib/gcc/arm-none-eabi/13.3.1/thumb/v7e-m+fp/hard/crti.o
                0x0800191c                _init
 .init          0x08001920        0x8 D:/STM32/STM32CubeIDE_1.15.1/STM32CubeIDE/plugins/com.st.stm32cube.ide.mcu.externaltools.gnu-tools-for-stm32.13.3.rel1.win32_1.0.0.202411081344/tools/bin/../lib/gcc/arm-none-eabi/13.3.1/thumb/v7e-m+fp/hard/crtn.o
 *(.fini)
 .fini          0x08001928        0x4 D:/STM32/STM32CubeIDE_1.15.1/STM32CubeIDE/plugins/com.st.stm32cube.ide.mcu.externaltools.gnu-tools-for-stm32.13.3.rel1.win32_1.0.0.202411081344/tools/bin/../lib/gcc/arm-none-eabi/13.3.1/thumb/v7e-m+fp/hard/crti.o
                0x08001928                _fini
 .fini          0x0800192c        0x8 D:/STM32/STM32CubeIDE_1.15.1/STM32CubeIDE/plugins/com.st.stm32cube.ide.mcu.externaltools.gnu-tools-for-stm32.13.3.rel1.win32_1.0.0.202411081344/tools/bin/../lib/gcc/arm-none-eabi/13.3.1/thumb/v7e-m+fp/hard/crtn.o
                0x08001934                        . = ALIGN (0x4)
                0x08001934                        _etext = .

.vfp11_veneer   0x08001934        0x0
 .vfp11_veneer  0x08001934        0x0 linker stubs

.v4_bx          0x08001934        0x0
 .v4_bx         0x08001934        0x0 linker stubs

.iplt           0x08001934        0x0
 .iplt          0x08001934        0x0 D:/STM32/STM32CubeIDE_1.15.1/STM32CubeIDE/plugins/com.st.stm32cube.ide.mcu.externaltools.gnu-tools-for-stm32.13.3.rel1.win32_1.0.0.202411081344/tools/bin/../lib/gcc/arm-none-eabi/13.3.1/thumb/v7e-m+fp/hard/crtbegin.o

.rodata         0x08001934       0x48
                0x08001934                        . = ALIGN (0x4)
 *(.rodata)
 *(.rodata*)
 .rodata.AHBPrescTable
                0x08001934       0x10 ./Core/Src/system_stm32l4xx.o
                0x08001934                AHBPrescTable
 .rodata.APBPrescTable
                0x08001944        0x8 ./Core/Src/system_stm32l4xx.o
                0x08001944                APBPrescTable
 .rodata.MSIRangeTable
                0x0800194c       0x30 ./Core/Src/system_stm32l4xx.o
                0x0800194c                MSIRangeTable
                0x0800197c                        . = ALIGN (0x4)

.ARM.extab      0x0800197c        0x0
                0x0800197c                        . = ALIGN (0x4)
 *(.ARM.extab* .gnu.linkonce.armextab.*)
                0x0800197c                        . = ALIGN (0x4)

.ARM            0x0800197c        0x0
                0x0800197c                        . = ALIGN (0x4)
                0x0800197c                        __exidx_start = .
 *(.ARM.exidx*)
                0x0800197c                        __exidx_end = .
                0x0800197c                        . = ALIGN (0x4)

.preinit_array  0x0800197c        0x0
                0x0800197c                        . = ALIGN (0x4)
                0x0800197c                        PROVIDE (__preinit_array_start = .)
 *(.preinit_array*)
                0x0800197c                        PROVIDE (__preinit_array_end = .)
                0x0800197c                        . = ALIGN (0x4)

.init_array     0x0800197c        0x4
                0x0800197c                        . = ALIGN (0x4)
                0x0800197c                        PROVIDE (__init_array_start = .)
 *(SORT_BY_NAME(.init_array.*))
 *(.init_array*)
 .init_array    0x0800197c        0x4 D:/STM32/STM32CubeIDE_1.15.1/STM32CubeIDE/plugins/com.st.stm32cube.ide.mcu.externaltools.gnu-tools-for-stm32.13.3.rel1.win32_1.0.0.202411081344/tools/bin/../lib/gcc/arm-none-eabi/13.3.1/thumb/v7e-m+fp/hard/crtbegin.o
                0x08001980                        PROVIDE (__init_array_end = .)
                0x08001980                        . = ALIGN (0x4)

.fini_array     0x08001980        0x4
                0x08001980                        . = ALIGN (0x4)
                [!provide]                        PROVIDE (__fini_array_start = .)
 *(SORT_BY_NAME(.fini_array.*))
 *(.fini_array*)
 .fini_array    0x08001980        0x4 D:/STM32/STM32CubeIDE_1.15.1/STM32CubeIDE/plugins/com.st.stm32cube.ide.mcu.externaltools.gnu-tools-for-stm32.13.3.rel1.win32_1.0.0.202411081344/tools/bin/../lib/gcc/arm-none-eabi/13.3.1/thumb/v7e-m+fp/hard/crtbegin.o
                [!provide]                        PROVIDE (__fini_array_end = .)
                0x08001984                        . = ALIGN (0x4)
                0x08001984                        _sidata = LOADADDR (.data)

.rel.dyn        0x08001984        0x0
 .rel.iplt      0x08001984        0x0 D:/STM32/STM32CubeIDE_1.15.1/STM32CubeIDE/plugins/com.st.stm32cube.ide.mcu.externaltools.gnu-tools-for-stm32.13.3.rel1.win32_1.0.0.202411081344/tools/bin/../lib/gcc/arm-none-eabi/13.3.1/thumb/v7e-m+fp/hard/crtbegin.o

.data           0x20000000        0x4 load address 0x08001984
                0x20000000                        . = ALIGN (0x4)
                0x20000000                        _sdata = .
 *(.data)
 *(.data*)
 .data.SystemCoreClock
                0x20000000        0x4 ./Core/Src/system_stm32l4xx.o
                0x20000000                SystemCoreClock
 *(.RamFunc)
 *(.RamFunc*)
                0x20000004                        . = ALIGN (0x4)
                0x20000004                        _edata = .

.igot.plt       0x20000004        0x0 load address 0x08001988
 .igot.plt      0x20000004        0x0 D:/STM32/STM32CubeIDE_1.15.1/STM32CubeIDE/plugins/com.st.stm32cube.ide.mcu.externaltools.gnu-tools-for-stm32.13.3.rel1.win32_1.0.0.202411081344/tools/bin/../lib/gcc/arm-none-eabi/13.3.1/thumb/v7e-m+fp/hard/crtbegin.o
                0x20000004                        . = ALIGN (0x4)

.bss            0x20000004       0x1c load address 0x08001988
                0x20000004                        _sbss = .
                0x20000004                        __bss_start__ = _sbss
 *(.bss)
 .bss           0x20000004       0x1c D:/STM32/STM32CubeIDE_1.15.1/STM32CubeIDE/plugins/com.st.stm32cube.ide.mcu.externaltools.gnu-tools-for-stm32.13.3.rel1.win32_1.0.0.202411081344/tools/bin/../lib/gcc/arm-none-eabi/13.3.1/thumb/v7e-m+fp/hard/crtbegin.o
 *(.bss*)
 *(COMMON)
                0x20000020                        . = ALIGN (0x4)
                0x20000020                        _ebss = .
                0x20000020                        __bss_end__ = _ebss

._user_heap_stack
                0x20000020      0x600 load address 0x08001988
                0x20000020                        . = ALIGN (0x8)
                [!provide]                        PROVIDE (end = .)
                0x20000020                        PROVIDE (_end = .)
                0x20000220                        . = (. + _Min_Heap_Size)
 *fill*         0x20000020      0x200 
                0x20000620                        . = (. + _Min_Stack_Size)
 *fill*         0x20000220      0x400 
                0x20000620                        . = ALIGN (0x8)

/DISCARD/
 libc.a(*)
 libm.a(*)
 libgcc.a(*)

.ARM.attributes
                0x00000000       0x30
 *(.ARM.attributes)
 .ARM.attributes
                0x00000000       0x22 D:/STM32/STM32CubeIDE_1.15.1/STM32CubeIDE/plugins/com.st.stm32cube.ide.mcu.externaltools.gnu-tools-for-stm32.13.3.rel1.win32_1.0.0.202411081344/tools/bin/../lib/gcc/arm-none-eabi/13.3.1/thumb/v7e-m+fp/hard/crti.o
 .ARM.attributes
                0x00000022       0x34 D:/STM32/STM32CubeIDE_1.15.1/STM32CubeIDE/plugins/com.st.stm32cube.ide.mcu.externaltools.gnu-tools-for-stm32.13.3.rel1.win32_1.0.0.202411081344/tools/bin/../lib/gcc/arm-none-eabi/13.3.1/thumb/v7e-m+fp/hard/crtbegin.o
 .ARM.attributes
                0x00000056       0x34 ./Core/Src/debug.o
 .ARM.attributes
                0x0000008a       0x34 ./Core/Src/gpio.o
 .ARM.attributes
                0x000000be       0x34 ./Core/Src/main.o
 .ARM.attributes
                0x000000f2       0x34 ./Core/Src/stm32l4xx_it.o
 .ARM.attributes
                0x00000126       0x34 ./Core/Src/system_stm32l4xx.o
 .ARM.attributes
                0x0000015a       0x34 ./Core/Src/usart.o
 .ARM.attributes
                0x0000018e       0x21 ./Core/Startup/startup_stm32l496rgtx.o
 .ARM.attributes
                0x000001af       0x34 ./Drivers/STM32L4xx_HAL_Driver/Src/stm32l4xx_ll_gpio.o
 .ARM.attributes
                0x000001e3       0x34 ./Drivers/STM32L4xx_HAL_Driver/Src/stm32l4xx_ll_rcc.o
 .ARM.attributes
                0x00000217       0x34 ./Drivers/STM32L4xx_HAL_Driver/Src/stm32l4xx_ll_usart.o
 .ARM.attributes
                0x0000024b       0x34 ./Drivers/STM32L4xx_HAL_Driver/Src/stm32l4xx_ll_utils.o
 .ARM.attributes
                0x0000027f       0x34 D:/STM32/STM32CubeIDE_1.15.1/STM32CubeIDE/plugins/com.st.stm32cube.ide.mcu.externaltools.gnu-tools-for-stm32.13.3.rel1.win32_1.0.0.202411081344/tools/bin/../lib/gcc/arm-none-eabi/13.3.1/../../../../arm-none-eabi/lib/thumb/v7e-m+fp/hard\libc_nano.a(libc_a-init.o)
 .ARM.attributes
                0x000002b3       0x22 D:/STM32/STM32CubeIDE_1.15.1/STM32CubeIDE/plugins/com.st.stm32cube.ide.mcu.externaltools.gnu-tools-for-stm32.13.3.rel1.win32_1.0.0.202411081344/tools/bin/../lib/gcc/arm-none-eabi/13.3.1/thumb/v7e-m+fp/hard/crtn.o
OUTPUT(Athena_test.elf elf32-littlearm)
LOAD linker stubs
LOAD D:/STM32/STM32CubeIDE_1.15.1/STM32CubeIDE/plugins/com.st.stm32cube.ide.mcu.externaltools.gnu-tools-for-stm32.13.3.rel1.win32_1.0.0.202411081344/tools/bin/../lib/gcc/arm-none-eabi/13.3.1/../../../../arm-none-eabi/lib/thumb/v7e-m+fp/hard\libc.a
LOAD D:/STM32/STM32CubeIDE_1.15.1/STM32CubeIDE/plugins/com.st.stm32cube.ide.mcu.externaltools.gnu-tools-for-stm32.13.3.rel1.win32_1.0.0.202411081344/tools/bin/../lib/gcc/arm-none-eabi/13.3.1/../../../../arm-none-eabi/lib/thumb/v7e-m+fp/hard\libm.a
LOAD D:/STM32/STM32CubeIDE_1.15.1/STM32CubeIDE/plugins/com.st.stm32cube.ide.mcu.externaltools.gnu-tools-for-stm32.13.3.rel1.win32_1.0.0.202411081344/tools/bin/../lib/gcc/arm-none-eabi/13.3.1/thumb/v7e-m+fp/hard\libgcc.a

.debug_info     0x00000000     0x5d94
 .debug_info    0x00000000      0x831 ./Core/Src/debug.o
 .debug_info    0x00000831      0x49f ./Core/Src/gpio.o
 .debug_info    0x00000cd0     0x1027 ./Core/Src/main.o
 .debug_info    0x00001cf7      0x155 ./Core/Src/stm32l4xx_it.o
 .debug_info    0x00001e4c      0x5c6 ./Core/Src/system_stm32l4xx.o
 .debug_info    0x00002412      0xd79 ./Core/Src/usart.o
 .debug_info    0x0000318b       0x30 ./Core/Startup/startup_stm32l496rgtx.o
 .debug_info    0x000031bb      0x957 ./Drivers/STM32L4xx_HAL_Driver/Src/stm32l4xx_ll_gpio.o
 .debug_info    0x00003b12      0xe6d ./Drivers/STM32L4xx_HAL_Driver/Src/stm32l4xx_ll_rcc.o
 .debug_info    0x0000497f      0x79f ./Drivers/STM32L4xx_HAL_Driver/Src/stm32l4xx_ll_usart.o
 .debug_info    0x0000511e      0xc76 ./Drivers/STM32L4xx_HAL_Driver/Src/stm32l4xx_ll_utils.o

.debug_abbrev   0x00000000     0x1307
 .debug_abbrev  0x00000000      0x2be ./Core/Src/debug.o
 .debug_abbrev  0x000002be      0x198 ./Core/Src/gpio.o
 .debug_abbrev  0x00000456      0x27b ./Core/Src/main.o
 .debug_abbrev  0x000006d1       0x80 ./Core/Src/stm32l4xx_it.o
 .debug_abbrev  0x00000751      0x11a ./Core/Src/system_stm32l4xx.o
 .debug_abbrev  0x0000086b      0x1f7 ./Core/Src/usart.o
 .debug_abbrev  0x00000a62       0x24 ./Core/Startup/startup_stm32l496rgtx.o
 .debug_abbrev  0x00000a86      0x235 ./Drivers/STM32L4xx_HAL_Driver/Src/stm32l4xx_ll_gpio.o
 .debug_abbrev  0x00000cbb      0x221 ./Drivers/STM32L4xx_HAL_Driver/Src/stm32l4xx_ll_rcc.o
 .debug_abbrev  0x00000edc      0x1cc ./Drivers/STM32L4xx_HAL_Driver/Src/stm32l4xx_ll_usart.o
 .debug_abbrev  0x000010a8      0x25f ./Drivers/STM32L4xx_HAL_Driver/Src/stm32l4xx_ll_utils.o

.debug_aranges  0x00000000      0x780
 .debug_aranges
                0x00000000       0x98 ./Core/Src/debug.o
 .debug_aranges
                0x00000098       0x30 ./Core/Src/gpio.o
 .debug_aranges
                0x000000c8       0xd8 ./Core/Src/main.o
 .debug_aranges
                0x000001a0       0x68 ./Core/Src/stm32l4xx_it.o
 .debug_aranges
                0x00000208       0x28 ./Core/Src/system_stm32l4xx.o
 .debug_aranges
                0x00000230       0x68 ./Core/Src/usart.o
 .debug_aranges
                0x00000298       0x28 ./Core/Startup/startup_stm32l496rgtx.o
 .debug_aranges
                0x000002c0       0x70 ./Drivers/STM32L4xx_HAL_Driver/Src/stm32l4xx_ll_gpio.o
 .debug_aranges
                0x00000330      0x290 ./Drivers/STM32L4xx_HAL_Driver/Src/stm32l4xx_ll_rcc.o
 .debug_aranges
                0x000005c0       0x88 ./Drivers/STM32L4xx_HAL_Driver/Src/stm32l4xx_ll_usart.o
 .debug_aranges
                0x00000648      0x138 ./Drivers/STM32L4xx_HAL_Driver/Src/stm32l4xx_ll_utils.o

.debug_rnglists
                0x00000000      0x58d
 .debug_rnglists
                0x00000000       0x73 ./Core/Src/debug.o
 .debug_rnglists
                0x00000073       0x1f ./Core/Src/gpio.o
 .debug_rnglists
                0x00000092       0x9e ./Core/Src/main.o
 .debug_rnglists
                0x00000130       0x49 ./Core/Src/stm32l4xx_it.o
 .debug_rnglists
                0x00000179       0x1a ./Core/Src/system_stm32l4xx.o
 .debug_rnglists
                0x00000193       0x4a ./Core/Src/usart.o
 .debug_rnglists
                0x000001dd       0x19 ./Core/Startup/startup_stm32l496rgtx.o
 .debug_rnglists
                0x000001f6       0x51 ./Drivers/STM32L4xx_HAL_Driver/Src/stm32l4xx_ll_gpio.o
 .debug_rnglists
                0x00000247      0x1fb ./Drivers/STM32L4xx_HAL_Driver/Src/stm32l4xx_ll_rcc.o
 .debug_rnglists
                0x00000442       0x63 ./Drivers/STM32L4xx_HAL_Driver/Src/stm32l4xx_ll_usart.o
 .debug_rnglists
                0x000004a5       0xe8 ./Drivers/STM32L4xx_HAL_Driver/Src/stm32l4xx_ll_utils.o

.debug_macro    0x00000000    0x22a59
 .debug_macro   0x00000000      0x23f ./Core/Src/debug.o
 .debug_macro   0x0000023f      0xb26 ./Core/Src/debug.o
 .debug_macro   0x00000d65       0x22 ./Core/Src/debug.o
 .debug_macro   0x00000d87       0x8e ./Core/Src/debug.o
 .debug_macro   0x00000e15       0x51 ./Core/Src/debug.o
 .debug_macro   0x00000e66      0x103 ./Core/Src/debug.o
 .debug_macro   0x00000f69       0x6a ./Core/Src/debug.o
 .debug_macro   0x00000fd3      0x1df ./Core/Src/debug.o
 .debug_macro   0x000011b2       0x22 ./Core/Src/debug.o
 .debug_macro   0x000011d4       0x58 ./Core/Src/debug.o
 .debug_macro   0x0000122c       0x61 ./Core/Src/debug.o
 .debug_macro   0x0000128d       0x2a ./Core/Src/debug.o
 .debug_macro   0x000012b7       0x43 ./Core/Src/debug.o
 .debug_macro   0x000012fa       0x34 ./Core/Src/debug.o
 .debug_macro   0x0000132e       0x16 ./Core/Src/debug.o
 .debug_macro   0x00001344       0x9e ./Core/Src/debug.o
 .debug_macro   0x000013e2      0x370 ./Core/Src/debug.o
 .debug_macro   0x00001752      0x112 ./Core/Src/debug.o
 .debug_macro   0x00001864       0x16 ./Core/Src/debug.o
 .debug_macro   0x0000187a       0x4a ./Core/Src/debug.o
 .debug_macro   0x000018c4       0x34 ./Core/Src/debug.o
 .debug_macro   0x000018f8       0x10 ./Core/Src/debug.o
 .debug_macro   0x00001908       0x58 ./Core/Src/debug.o
 .debug_macro   0x00001960       0x8e ./Core/Src/debug.o
 .debug_macro   0x000019ee       0x1c ./Core/Src/debug.o
 .debug_macro   0x00001a0a      0x185 ./Core/Src/debug.o
 .debug_macro   0x00001b8f       0x16 ./Core/Src/debug.o
 .debug_macro   0x00001ba5       0x16 ./Core/Src/debug.o
 .debug_macro   0x00001bbb      0x146 ./Core/Src/debug.o
 .debug_macro   0x00001d01       0x2e ./Core/Src/debug.o
 .debug_macro   0x00001d2f       0x28 ./Core/Src/debug.o
 .debug_macro   0x00001d57       0x1c ./Core/Src/debug.o
 .debug_macro   0x00001d73       0x22 ./Core/Src/debug.o
 .debug_macro   0x00001d95       0xfb ./Core/Src/debug.o
 .debug_macro   0x00001e90     0x1011 ./Core/Src/debug.o
 .debug_macro   0x00002ea1      0x11f ./Core/Src/debug.o
 .debug_macro   0x00002fc0    0x1c1e2 ./Core/Src/debug.o
 .debug_macro   0x0001f1a2       0x6d ./Core/Src/debug.o
 .debug_macro   0x0001f20f       0xca ./Core/Src/debug.o
 .debug_macro   0x0001f2d9      0x9a0 ./Core/Src/debug.o
 .debug_macro   0x0001fc79      0x1ed ./Core/Src/debug.o
 .debug_macro   0x0001fe66      0x3f7 ./Core/Src/debug.o
 .debug_macro   0x0002025d      0x16a ./Core/Src/debug.o
 .debug_macro   0x000203c7      0x1a6 ./Core/Src/debug.o
 .debug_macro   0x0002056d       0xa7 ./Core/Src/debug.o
 .debug_macro   0x00020614      0x20e ./Core/Src/debug.o
 .debug_macro   0x00020822      0x2cb ./Core/Src/debug.o
 .debug_macro   0x00020aed      0x30c ./Core/Src/debug.o
 .debug_macro   0x00020df9      0x169 ./Core/Src/debug.o
 .debug_macro   0x00020f62       0x22 ./Core/Src/debug.o
 .debug_macro   0x00020f84       0x10 ./Core/Src/debug.o
 .debug_macro   0x00020f94      0x150 ./Core/Src/gpio.o
 .debug_macro   0x000210e4      0x247 ./Core/Src/main.o
 .debug_macro   0x0002132b      0x150 ./Core/Src/stm32l4xx_it.o
 .debug_macro   0x0002147b       0xce ./Core/Src/system_stm32l4xx.o
 .debug_macro   0x00021549      0x150 ./Core/Src/usart.o
 .debug_macro   0x00021699      0x110 ./Drivers/STM32L4xx_HAL_Driver/Src/stm32l4xx_ll_gpio.o
 .debug_macro   0x000217a9      0x163 ./Drivers/STM32L4xx_HAL_Driver/Src/stm32l4xx_ll_gpio.o
 .debug_macro   0x0002190c      0x12b ./Drivers/STM32L4xx_HAL_Driver/Src/stm32l4xx_ll_rcc.o
 .debug_macro   0x00021a37      0x99a ./Drivers/STM32L4xx_HAL_Driver/Src/stm32l4xx_ll_rcc.o
 .debug_macro   0x000223d1      0x143 ./Drivers/STM32L4xx_HAL_Driver/Src/stm32l4xx_ll_usart.o
 .debug_macro   0x00022514      0x306 ./Drivers/STM32L4xx_HAL_Driver/Src/stm32l4xx_ll_usart.o
 .debug_macro   0x0002281a      0x19e ./Drivers/STM32L4xx_HAL_Driver/Src/stm32l4xx_ll_utils.o
 .debug_macro   0x000229b8       0xa1 ./Drivers/STM32L4xx_HAL_Driver/Src/stm32l4xx_ll_utils.o

.debug_line     0x00000000     0x6c63
 .debug_line    0x00000000      0xc5d ./Core/Src/debug.o
 .debug_line    0x00000c5d      0x67a ./Core/Src/gpio.o
 .debug_line    0x000012d7      0xb30 ./Core/Src/main.o
 .debug_line    0x00001e07      0x6e7 ./Core/Src/stm32l4xx_it.o
 .debug_line    0x000024ee      0x59a ./Core/Src/system_stm32l4xx.o
 .debug_line    0x00002a88      0x7d4 ./Core/Src/usart.o
 .debug_line    0x0000325c       0x7a ./Core/Startup/startup_stm32l496rgtx.o
 .debug_line    0x000032d6      0x8cb ./Drivers/STM32L4xx_HAL_Driver/Src/stm32l4xx_ll_gpio.o
 .debug_line    0x00003ba1     0x1d57 ./Drivers/STM32L4xx_HAL_Driver/Src/stm32l4xx_ll_rcc.o
 .debug_line    0x000058f8      0x7a5 ./Drivers/STM32L4xx_HAL_Driver/Src/stm32l4xx_ll_usart.o
 .debug_line    0x0000609d      0xbc6 ./Drivers/STM32L4xx_HAL_Driver/Src/stm32l4xx_ll_utils.o

.debug_str      0x00000000    0xbe88f
 .debug_str     0x00000000    0xbe88f ./Core/Src/debug.o
                              0xbb367 (size before relaxing)
 .debug_str     0x000be88f    0xb76bc ./Core/Src/gpio.o
 .debug_str     0x000be88f    0xbbcf8 ./Core/Src/main.o
 .debug_str     0x000be88f    0xb7508 ./Core/Src/stm32l4xx_it.o
 .debug_str     0x000be88f    0xa9387 ./Core/Src/system_stm32l4xx.o
 .debug_str     0x000be88f    0xb7e71 ./Core/Src/usart.o
 .debug_str     0x000be88f       0x7c ./Core/Startup/startup_stm32l496rgtx.o
 .debug_str     0x000be88f    0xaae82 ./Drivers/STM32L4xx_HAL_Driver/Src/stm32l4xx_ll_gpio.o
 .debug_str     0x000be88f    0xb0054 ./Drivers/STM32L4xx_HAL_Driver/Src/stm32l4xx_ll_rcc.o
 .debug_str     0x000be88f    0xb18d6 ./Drivers/STM32L4xx_HAL_Driver/Src/stm32l4xx_ll_usart.o
 .debug_str     0x000be88f    0xb2d73 ./Drivers/STM32L4xx_HAL_Driver/Src/stm32l4xx_ll_utils.o

.comment        0x00000000       0x43
 .comment       0x00000000       0x43 ./Core/Src/debug.o
                                 0x44 (size before relaxing)
 .comment       0x00000043       0x44 ./Core/Src/gpio.o
 .comment       0x00000043       0x44 ./Core/Src/main.o
 .comment       0x00000043       0x44 ./Core/Src/stm32l4xx_it.o
 .comment       0x00000043       0x44 ./Core/Src/system_stm32l4xx.o
 .comment       0x00000043       0x44 ./Core/Src/usart.o
 .comment       0x00000043       0x44 ./Drivers/STM32L4xx_HAL_Driver/Src/stm32l4xx_ll_gpio.o
 .comment       0x00000043       0x44 ./Drivers/STM32L4xx_HAL_Driver/Src/stm32l4xx_ll_rcc.o
 .comment       0x00000043       0x44 ./Drivers/STM32L4xx_HAL_Driver/Src/stm32l4xx_ll_usart.o
 .comment       0x00000043       0x44 ./Drivers/STM32L4xx_HAL_Driver/Src/stm32l4xx_ll_utils.o

.debug_frame    0x00000000     0x1de0
 .debug_frame   0x00000000      0x2c8 ./Core/Src/debug.o
 .debug_frame   0x000002c8       0x84 ./Core/Src/gpio.o
 .debug_frame   0x0000034c      0x374 ./Core/Src/main.o
 .debug_frame   0x000006c0      0x128 ./Core/Src/stm32l4xx_it.o
 .debug_frame   0x000007e8       0x58 ./Core/Src/system_stm32l4xx.o
 .debug_frame   0x00000840      0x194 ./Core/Src/usart.o
 .debug_frame   0x000009d4      0x1c0 ./Drivers/STM32L4xx_HAL_Driver/Src/stm32l4xx_ll_gpio.o
 .debug_frame   0x00000b94      0xaf0 ./Drivers/STM32L4xx_HAL_Driver/Src/stm32l4xx_ll_rcc.o
 .debug_frame   0x00001684      0x234 ./Drivers/STM32L4xx_HAL_Driver/Src/stm32l4xx_ll_usart.o
 .debug_frame   0x000018b8      0x4fc ./Drivers/STM32L4xx_HAL_Driver/Src/stm32l4xx_ll_utils.o
 .debug_frame   0x00001db4       0x2c D:/STM32/STM32CubeIDE_1.15.1/STM32CubeIDE/plugins/com.st.stm32cube.ide.mcu.externaltools.gnu-tools-for-stm32.13.3.rel1.win32_1.0.0.202411081344/tools/bin/../lib/gcc/arm-none-eabi/13.3.1/../../../../arm-none-eabi/lib/thumb/v7e-m+fp/hard\libc_nano.a(libc_a-init.o)

.debug_line_str
                0x00000000       0x60
 .debug_line_str
                0x00000000       0x60 ./Core/Startup/startup_stm32l496rgtx.o
