../Drivers/STM32L4xx_HAL_Driver/Inc/stm32l4xx_ll_usart.h:3147:26:LL_USART_IsActiveFlag_RXNE	16	static
../Drivers/STM32L4xx_HAL_Driver/Inc/stm32l4xx_ll_usart.h:3159:26:LL_USART_IsActiveFlag_TC	16	static
../Drivers/STM32L4xx_HAL_Driver/Inc/stm32l4xx_ll_usart.h:4543:25:LL_USART_ReceiveData8	16	static
../Drivers/STM32L4xx_HAL_Driver/Inc/stm32l4xx_ll_usart.h:4566:22:LL_USART_TransmitData8	16	static
../Core/Src/debug.c:10:12:getIntLen	24	static
../Core/Src/debug.c:21:5:power	24	static
../Core/Src/debug.c:34:12:itoa10Unsigned	64	static
../Core/Src/debug.c:61:12:itoa10	56	static
../Core/Src/debug.c:94:12:itoa16	88	static
../Core/Src/debug.c:128:12:handleLongLong	40	static
../Core/Src/debug.c:153:12:handleLong	64	static
../Core/Src/debug.c:178:5:evprintf	96	static
../Core/Src/debug.c:289:5:eprintf	28	static
../Core/Src/debug.c:301:6:UART1_Transmit	16	static
../Core/Src/debug.c:310:5:uartPutchar	16	static
../Core/Src/debug.c:331:9:UART1_Receive	8	static
